numactl --membind=0 /home/wjxt/gxr/testMongoDB/build//run_clients --num_threads=12 --core_binding=0,0,1,2,3,4,5,6,7,8,9,10,11,24,25,26,27,28,29,30,31,32,33,34,35,12,13,14,15,16,17,18,19,20,21,22,23,36,37,38,39,40,41,42,43,44,45,46,47 --str_key_size=8 --str_value_size=100 --URI_set=mongodb://172.20.208.111:27017,mongodb://172.20.208.111:27018,mongodb://172.20.208.111:27019,mongodb://172.20.208.111:27020,mongodb://172.20.208.111:27021,mongodb://172.20.208.111:27022,mongodb://172.20.208.111:27023,mongodb://172.20.208.111:27024,mongodb://172.20.208.111:27025,mongodb://172.20.208.111:27026,mongodb://172.20.208.111:27027,mongodb://172.20.208.111:27028,mongodb://172.20.208.111:27029,mongodb://172.20.208.111:27030,mongodb://172.20.208.111:27031,mongodb://172.20.208.111:27032,mongodb://172.20.208.111:27033,mongodb://172.20.208.111:27034,mongodb://172.20.208.111:27035,mongodb://172.20.208.111:27036,mongodb://172.20.208.111:27037,mongodb://172.20.208.111:27038,mongodb://172.20.208.111:27039,mongodb://172.20.208.111:27040,mongodb://172.20.208.111:27041,mongodb://172.20.208.111:27042,mongodb://172.20.208.111:27043,mongodb://172.20.208.111:27044,mongodb://172.20.208.111:27045,mongodb://172.20.208.111:27046,mongodb://172.20.208.111:27047,mongodb://172.20.208.111:27048,mongodb://172.20.208.111:27049,mongodb://172.20.208.111:27050,mongodb://172.20.208.111:27051,mongodb://172.20.208.111:27052,mongodb://172.20.208.111:27053,mongodb://172.20.208.111:27054,mongodb://172.20.208.111:27055,mongodb://172.20.208.111:27056,mongodb://172.20.208.111:27057,mongodb://172.20.208.111:27058,mongodb://172.20.208.111:27059,mongodb://172.20.208.111:27060,mongodb://172.20.208.111:27061,mongodb://172.20.208.111:27062,mongodb://172.20.208.111:27063,mongodb://172.20.208.111:27064 --URI=mongodb://172.20.208.111:27017 --time_interval=600 --pid=157199 --first_mode=true
[sudo] gxr 的密码： conn1 conn2 conn3 conn4 conn5 conn6 conn7 conn8 conn9 conn10 conn11 conn12
['conn1', 'conn2', 'conn3', 'conn4', 'conn5', 'conn6', 'conn7', 'conn8', 'conn9', 'conn10', 'conn11', 'conn12']
conn1 156822 

conn5 156826 

conn6 156827 

conn7 156828 

conn3 156824 

conn8 156829 

conn6 156827 

conn2 156823 

conn4 156825 

conn5 156826 

conn6 156827 

conn7 156828 

conn3 156824 

conn8 156829 

conn2 156823 

conn4 156825 

conn6 156827 

conn6 156827 

conn2 156823 

conn6 156827 

conn5 156826 

conn4 156825 

conn4 156825 

conn6 156827 

conn3 156824 

conn7 156828 

conn8 156829 

conn2 156823 

conn8 156829 

conn5 156826 

conn4 156825 

conn3 156824 

conn6 156827 

conn7 156828 

conn8 156829 

conn2 156823 

conn8 156829 

conn1 156822 

conn2 156823 

conn7 156828 

conn6 156827 

conn5 156826 

conn4 156825 

conn5 156826 

conn6 156827 

conn3 156824 

conn8 156829 

conn7 156828 

conn2 156823 

conn5 156826 

conn4 156825 

conn2 156823 

conn3 156824 

conn8 156829 

conn6 156827 

conn7 156828 

conn2 156823 

conn6 156827 

conn8 156829 

conn1 156822 

conn3 156824 

conn5 156826 

conn3 156824 

conn1 156822 

conn4 156825 

conn3 156824 

conn8 156829 

conn7 156828 

conn2 156823 

conn7 156828 

conn5 156826 

conn4 156825 

conn3 156824 

conn8 156829 

conn1 156822 

conn7 156828 

conn6 156827 

conn2 156823 

conn1 156822 

conn1 156822 

conn6 156827 

conn2 156823 

conn5 156826 

conn3 156824 

conn4 156825 

conn8 156829 

conn7 156828 

conn2 156823 

conn8 156829 

conn7 156828 

conn5 156826 

conn3 156824 

conn4 156825 

conn1 156822 

conn8 156829 

conn6 156827 

conn7 156828 

conn4 156825 

conn2 156823 

conn1 156822 

conn1 156822 

conn2 156823 

conn3 156824 

conn5 156826 

conn6 156827 

conn4 156825 

conn8 156829 

conn7 156828 

conn2 156823 

conn7 156828 

conn3 156824 

conn6 156827 

conn3 156824 

conn3 156824 

conn5 156826 

conn4 156825 

conn8 156829 

conn6 156827 

conn7 156828 

conn2 156823 

conn2 156823 

conn1 156822 

conn3 156824 

conn3 156824 

conn5 156826 

conn8 156829 

conn4 156825 

conn7 156828 

conn6 156827 

conn2 156823 

conn5 156826 

conn6 156827 

conn3 156824 

conn5 156826 

conn8 156829 

conn1 156822 

conn4 156825 

conn7 156828 

conn2 156823 

conn5 156826 

conn2 156823 

conn6 156827 

conn3 156824 

conn8 156829 

conn5 156826 

conn8 156829 

conn4 156825 

conn7 156828 

conn3 156824 

conn6 228385 

conn1 228391 

conn12 228391 

conn5 228384 

conn4 228383 

conn9 228388 

conn3 228382 

conn6 228385 

conn1 228391 

conn12 228391 

conn1 228390 

conn11 228390 

conn1 228380 

conn9 228388 

conn4 228383 

conn8 228387 

conn3 228382 

conn6 228385 

conn8 228387 

conn2 228381 

conn4 228383 

conn1 228391 

conn12 228391 

conn2 228381 

conn1 228389 

conn10 228389 

conn7 228386 

conn2 228381 

conn6 228385 

[report] load_overall_duration_ns : 600000000000.000000
[report] load_overall_duration_s : 600.000000
[report] load_overall_throughput : 31312.116667
[report] load_overall_average_latency_ns : 31936.518717
