numactl --membind=0 /home/wjxt/gxr/testMongoDB/build//run_clients --num_threads=28 --core_binding=0,0,1,2,3,4,5,6,7,8,9,10,11,24,25,26,27,28,29,30,31,32,33,34,35,12,13,14,15,16,17,18,19,20,21,22,23,36,37,38,39,40,41,42,43,44,45,46,47 --str_key_size=8 --str_value_size=100 --URI_set=mongodb://172.20.208.111:27017,mongodb://172.20.208.111:27018,mongodb://172.20.208.111:27019,mongodb://172.20.208.111:27020,mongodb://172.20.208.111:27021,mongodb://172.20.208.111:27022,mongodb://172.20.208.111:27023,mongodb://172.20.208.111:27024,mongodb://172.20.208.111:27025,mongodb://172.20.208.111:27026,mongodb://172.20.208.111:27027,mongodb://172.20.208.111:27028,mongodb://172.20.208.111:27029,mongodb://172.20.208.111:27030,mongodb://172.20.208.111:27031,mongodb://172.20.208.111:27032,mongodb://172.20.208.111:27033,mongodb://172.20.208.111:27034,mongodb://172.20.208.111:27035,mongodb://172.20.208.111:27036,mongodb://172.20.208.111:27037,mongodb://172.20.208.111:27038,mongodb://172.20.208.111:27039,mongodb://172.20.208.111:27040,mongodb://172.20.208.111:27041,mongodb://172.20.208.111:27042,mongodb://172.20.208.111:27043,mongodb://172.20.208.111:27044,mongodb://172.20.208.111:27045,mongodb://172.20.208.111:27046,mongodb://172.20.208.111:27047,mongodb://172.20.208.111:27048,mongodb://172.20.208.111:27049,mongodb://172.20.208.111:27050,mongodb://172.20.208.111:27051,mongodb://172.20.208.111:27052,mongodb://172.20.208.111:27053,mongodb://172.20.208.111:27054,mongodb://172.20.208.111:27055,mongodb://172.20.208.111:27056,mongodb://172.20.208.111:27057,mongodb://172.20.208.111:27058,mongodb://172.20.208.111:27059,mongodb://172.20.208.111:27060,mongodb://172.20.208.111:27061,mongodb://172.20.208.111:27062,mongodb://172.20.208.111:27063,mongodb://172.20.208.111:27064 --URI=mongodb://172.20.208.111:27017 --time_interval=600 --pid=233423 --first_mode=true
[sudo] gxr 的密码： conn1 conn2 conn3 conn4 conn5 conn6 conn7 conn8 conn9 conn10 conn11 conn12 conn13 conn14 conn15 conn16 conn17 conn18 conn19 conn20 conn21 conn22 conn23 conn24 conn25 conn26 conn27 conn28
['conn1', 'conn2', 'conn3', 'conn4', 'conn5', 'conn6', 'conn7', 'conn8', 'conn9', 'conn10', 'conn11', 'conn12', 'conn13', 'conn14', 'conn15', 'conn16', 'conn17', 'conn18', 'conn19', 'conn20', 'conn21', 'conn22', 'conn23', 'conn24', 'conn25', 'conn26', 'conn27', 'conn28']
conn7 232542 

conn1 232552 

conn17 232552 

conn4 232539 

conn1 232547 

conn12 232547 

conn4 232539 

conn6 232541 

conn2 232558 

conn23 232558 

conn1 232549 

conn14 232549 

conn7 232542 

conn4 232539 

conn8 232543 

conn2 232558 

conn23 232558 

conn2 232555 

conn20 232555 

conn2 232558 

conn23 232558 

conn1 232554 

conn19 232554 

conn1 232554 

conn19 232554 

conn1 232546 

conn11 232546 

conn5 232540 

conn1 232549 

conn14 232549 

conn2 232537 

conn1 232536 

conn2 232556 

conn21 232556 

conn3 232538 

conn9 232544 

conn2 232555 

conn20 232555 

conn6 232541 

conn1 232545 

conn10 232545 

conn2 232558 

conn23 232558 

conn8 232543 

conn2 232555 

conn20 232555 

conn2 232557 

conn22 232557 

conn9 232544 

conn1 232547 

conn12 232547 

conn1 232553 

conn18 232553 

conn1 232551 

conn16 232551 

conn1 232548 

conn13 232548 

conn2 232537 

conn2 232558 

conn23 232558 

conn1 232554 

conn19 232554 

conn1 232546 

conn11 232546 

conn1 232549 

conn14 232549 

conn5 232540 

conn2 232537 

conn2 232556 

conn21 232556 

conn1 232536 

conn3 232538 

conn2 232555 

conn20 232555 

conn9 232544 

conn2 232537 

conn2 232557 

conn22 232557 

conn8 232543 

conn6 232541 

conn1 232552 

conn17 232552 

conn1 232547 

conn12 232547 

conn1 232551 

conn16 232551 

conn1 232548 

conn13 232548 

conn1 232545 

conn10 232545 

conn4 232539 

conn1 232553 

conn18 232553 

conn1 232549 

conn14 232549 

conn1 232546 

conn11 232546 

conn6 232541 

conn1 232552 

conn17 232552 

conn2 232556 

conn21 232556 

conn1 232545 

conn10 232545 

conn4 232539 

conn7 232542 

conn1 232549 

conn14 232549 

conn2 232556 

conn21 232556 

conn6 232541 

conn1 232552 

conn17 232552 

conn1 232545 

conn10 232545 

conn2 232556 

conn21 232556 

conn1 232553 

conn18 232553 

conn1 232550 

conn15 232550 

conn5 232540 

conn1 232554 

conn19 232554 

conn2 232537 

conn5 232540 

conn2 232556 

conn21 232556 

conn1 232546 

conn11 232546 

conn2 232537 

conn1 232549 

conn14 232549 

conn6 232541 

conn3 232538 

conn1 232536 

conn2 232555 

conn20 232555 

conn9 232544 

conn2 232558 

conn23 232558 

conn7 232542 

conn8 232543 

conn2 232557 

conn22 232557 

conn1 232547 

conn12 232547 

conn1 232548 

conn13 232548 

conn1 232553 

conn18 232553 

conn1 232551 

conn16 232551 

conn2 232558 

conn23 232558 

conn1 232554 

conn19 232554 

conn2 232556 

conn21 232556 

conn1 232546 

conn11 232546 

conn1 232549 

conn14 232549 

conn3 232538 

conn3 232538 

conn2 232555 

conn20 232555 

conn9 232544 

conn1 232536 

conn8 232543 

conn2 232557 

conn22 232557 

conn1 232547 

conn12 232547 

conn1 232548 

conn13 232548 

conn1 232552 

conn17 232552 

conn1 232551 

conn16 232551 

conn4 232539 

conn7 232542 

conn1 232545 

conn10 232545 

conn3 232538 

conn2 232558 

conn23 232558 

conn7 232542 

conn4 232539 

conn1 232545 

conn10 232545 

conn1 232554 

conn19 232554 

conn2 232537 

conn8 232543 

conn2 232537 

conn6 232541 

conn1 232552 

conn17 232552 

conn1 232545 

conn10 232545 

conn1 232547 

conn12 232547 

conn1 232552 

conn17 232552 

conn4 232539 

conn1 232551 

conn16 232551 

conn1 232554 

conn19 232554 

conn5 232540 

conn2 232537 

conn1 232546 

conn11 232546 

conn6 232541 

conn2 232556 

conn21 232556 

conn1 232549 

conn14 232549 

conn3 232538 

conn1 232536 

conn2 232555 

conn20 232555 

conn1 232552 

conn17 232552 

conn1 232548 

conn13 232548 

conn9 232544 

conn7 232542 

conn2 232557 

conn22 232557 

conn1 232548 

conn13 232548 

conn4 232539 

conn1 232547 

conn12 232547 

conn1 232551 

conn16 232551 

conn5 232540 

conn1 232554 

conn19 232554 

conn5 232540 

conn2 232537 

conn1 232546 

conn11 232546 

conn2 232556 

conn21 232556 

conn1 232549 

conn14 232549 

conn3 232538 

conn2 232555 

conn20 232555 

conn2 232557 

conn22 232557 

conn8 232543 

conn9 232544 

conn1 232547 

conn12 232547 

conn1 232554 

conn19 232554 

conn3 232538 

conn1 232551 

conn16 232551 

conn2 232558 

conn23 232558 

conn4 232539 

conn9 232544 

conn4 232539 

conn6 232541 

conn2 232558 

conn23 232558 

conn7 232542 

conn1 232553 

conn18 232553 

conn1 232548 

conn13 232548 

conn2 232558 

conn23 232558 

conn1 232554 

conn19 232554 

conn1 232536 

conn2 232558 

conn23 232558 

conn1 232550 

conn15 232550 

conn1 232551 

conn16 232551 

conn1 232549 

conn14 232549 

conn1 232552 

conn17 232552 

conn1 232554 

conn19 232554 

conn7 232542 

conn4 232539 

conn5 232540 

conn1 232546 

conn11 232546 

conn3 232538 

conn1 232549 

conn14 232549 

conn8 232543 

conn1 232536 

conn1 232547 

conn12 232547 

conn1 232548 

conn13 232548 

conn2 232555 

conn20 232555 

conn8 232543 

conn1 232545 

conn10 232545 

conn2 232557 

conn22 232557 

conn2 232558 

conn23 232558 

conn9 232544 

conn4 232539 

conn1 232547 

conn12 232547 

conn1 232551 

conn16 232551 

conn1 232536 

conn1 232549 

conn14 232549 

conn1 232553 

conn18 232553 

conn2 232555 

conn20 232555 

conn1 232554 

conn19 232554 

conn5 232540 

conn2 232537 

conn2 232556 

conn21 232556 

conn2 232556 

conn21 232556 

conn1 232546 

conn11 232546 

conn3 232538 

conn1 232549 

conn14 232549 

conn2 232555 

conn20 232555 

conn8 232543 

conn1 232548 

conn13 232548 

conn2 232557 

conn22 232557 

conn9 232544 

conn1 232550 

conn15 232550 

conn1 232547 

conn12 232547 

conn1 232551 

conn16 232551 

conn1 232551 

conn16 232551 

conn1 232552 

conn17 232552 

conn1 232550 

conn15 232550 

conn7 232542 

conn1 232553 

conn18 232553 

conn7 232542 

conn1 232552 

conn17 232552 

conn1 232553 

conn18 232553 

conn2 232555 

conn20 232555 

conn1 232552 

conn17 232552 

conn1 232554 

conn19 232554 

conn1 232547 

conn12 232547 

conn2 232537 

conn1 232548 

conn13 232548 

conn2 232558 

conn23 232558 

conn1 232554 

conn19 232554 

conn6 232541 

conn5 232540 

conn4 232539 

conn6 232541 

conn2 232556 

conn21 232556 

conn3 232538 

conn1 232536 

conn2 232558 

conn23 232558 

conn1 232549 

conn14 232549 

conn1 232547 

conn12 232547 

conn7 232542 

conn2 232558 

conn23 232558 

conn2 232557 

conn22 232557 

conn4 232539 

conn8 232543 

conn9 232544 

conn4 232539 

conn1 232547 

conn12 232547 

conn1 232551 

conn16 232551 

conn1 232536 

conn1 232554 

conn19 232554 

conn5 232540 

conn1 232549 

conn14 232549 

conn1 232548 

conn13 232548 

conn1 232554 

conn19 232554 

conn5 232540 

conn2 232556 

conn21 232556 

conn1 232546 

conn11 232546 

conn1 232536 

conn1 232551 

conn16 232551 

conn1 232549 

conn14 232549 

conn3 232538 

conn1 232548 

conn13 232548 

conn1 232551 

conn16 232551 

conn1 232550 

conn15 232550 

conn2 232555 

conn20 232555 

conn8 232543 

conn1 232547 

conn12 232547 

conn6 232541 

conn7 232542 

conn1 232551 

conn16 232551 

conn1 232552 

conn17 232552 

conn4 232539 

conn2 232555 

conn20 232555 

conn4 232539 

conn8 232543 

conn1 232546 

conn11 232546 

conn1 232550 

conn15 232550 

conn1 232545 

conn10 232545 

conn1 232554 

conn19 232554 

conn2 232556 

conn21 232556 

conn1 232536 

conn1 232549 

conn14 232549 

conn1 232548 

conn13 232548 

conn8 232543 

conn3 232538 

conn1 232545 

conn10 232545 

conn2 232555 

conn20 232555 

conn2 232557 

conn22 232557 

conn9 232544 

conn8 232543 

conn1 232547 

conn12 232547 

conn1 232553 

conn18 232553 

conn1 232552 

conn17 232552 

conn1 232545 

conn10 232545 

conn2 232555 

conn20 232555 

conn4 232539 

conn9 232544 

conn1 232536 

conn6 232541 

conn1 232545 

conn10 232545 

conn1 232554 

conn19 232554 

conn4 232539 

conn1 232547 

conn12 232547 

conn2 232537 

conn6 232541 

conn2 232556 

conn21 232556 

conn5 232540 

conn1 232546 

conn11 232546 

conn3 232538 

conn1 232549 

conn14 232549 

conn7 232542 

conn2 232558 

conn23 232558 

conn2 232555 

conn20 232555 

conn2 232557 

conn22 232557 

conn9 232544 

conn4 232539 

conn1 232547 

conn12 232547 

conn1 232549 

conn14 232549 

conn6 232541 

conn1 232552 

conn17 232552 

conn4 232539 

conn7 232542 

conn2 232557 

conn22 232557 

conn2 232556 

conn21 232556 

conn1 232552 

conn17 232552 

conn1 232554 

conn19 232554 

conn6 232541 

conn2 232556 

conn21 232556 

conn5 232540 

conn1 232548 

conn13 232548 

conn1 232551 

conn16 232551 

conn2 232558 

conn23 232558 

conn8 232543 

conn9 232544 

conn2 232557 

conn22 232557 

conn2 232555 

conn20 232555 

conn1 232553 

conn18 232553 

conn1 232547 

conn12 232547 

conn1 232551 

conn16 232551 

conn1 232554 

conn19 232554 

conn6 232541 

conn2 232558 

conn23 232558 

conn5 232540 

conn7 232542 

conn4 232539 

conn1 232550 

conn15 232550 

conn2 232557 

conn22 232557 

conn1 232546 

conn11 232546 

conn2 232557 

conn22 232557 

conn1 232552 

conn17 232552 

conn7 232542 

conn2 232556 

conn21 232556 

conn1 232554 

conn19 232554 

conn2 232537 

conn1 232546 

conn11 232546 

conn5 232540 

conn3 232538 

conn1 232548 

conn13 232548 

conn1 232548 

conn13 232548 

conn4 232539 

conn3 232538 

conn8 232543 

conn9 232544 

conn2 232557 

conn22 232557 

conn2 232555 

conn20 232555 

conn1 232547 

conn12 232547 

conn1 232550 

conn15 232550 

conn1 232549 

conn14 232549 

conn2 232558 

conn23 232558 

conn1 232553 

conn18 232553 

conn1 232545 

conn10 232545 

conn6 232541 

conn1 232550 

conn15 232550 

conn1 232536 

conn6 232541 

conn2 232556 

conn21 232556 

conn2 232537 

conn1 232554 

conn19 232554 

conn1 232546 

conn11 232546 

conn5 232540 

conn1 232548 

conn13 232548 

conn1 232536 

conn1 232536 

conn4 232539 

conn1 232545 

conn10 232545 

conn2 232558 

conn23 232558 

conn8 232543 

conn9 232544 

conn1 232547 

conn12 232547 

conn4 232539 

conn2 232555 

conn20 232555 

conn2 232557 

conn22 232557 

conn9 232544 

conn1 232552 

conn17 232552 

conn1 232550 

conn15 232550 

conn2 232558 

conn23 232558 

conn2 232556 

conn21 232556 

conn1 232545 

conn10 232545 

conn4 232539 

conn2 232555 

conn20 232555 

conn1 232553 

conn18 232553 

conn7 232542 

conn4 232539 

conn1 232553 

conn18 232553 

conn2 232556 

conn21 232556 

conn2 232537 

conn1 232546 

conn11 232546 

conn3 232538 

conn1 232554 

conn19 232554 

conn5 232540 

conn1 232536 

conn1 232549 

conn14 232549 

conn8 232543 

conn9 232544 

conn1 232551 

conn16 232551 

conn1 232547 

conn12 232547 

conn2 232555 

conn20 232555 

conn2 232557 

conn22 232557 

conn1 232550 

conn15 232550 

conn8 232543 

conn1 232551 

conn16 232551 

conn1 232545 

conn10 232545 

conn1 232553 

conn18 232553 

conn1 232536 

conn2 232537 

conn2 232556 

conn21 232556 

conn3 232538 

conn1 232546 

conn11 232546 

conn1 232554 

conn19 232554 

conn5 232540 

conn1 232548 

conn13 232548 

conn2 232555 

conn20 232555 

conn1 232545 

conn10 232545 

conn1 232536 

conn1 232549 

conn14 232549 

conn2 232558 

conn23 232558 

conn9 232544 

conn1 232551 

conn16 232551 

conn1 232547 

conn12 232547 

conn4 232539 

conn2 232555 

conn20 232555 

conn3 232538 

conn1 232548 

conn13 232548 

conn1 232548 

conn13 232548 

conn1 232550 

conn15 232550 

conn2 232558 

conn23 232558 

conn7 232542 

conn4 232539 

conn6 232541 

conn7 232542 

conn1 232552 

conn17 232552 

conn8 232543 

conn1 232553 

conn18 232553 

conn2 232537 

conn2 232556 

conn21 232556 

conn1 232546 

conn11 232546 

conn2 232557 

conn22 232557 

conn1 232554 

conn19 232554 

conn3 232538 

conn1 232548 

conn13 232548 

conn5 232540 

conn1 232536 

conn8 232543 

conn1 232551 

conn16 232551 

conn9 232544 

conn2 232557 

conn22 232557 

conn1 232547 

conn12 232547 

conn2 232555 

conn20 232555 

conn2 232557 

conn22 232557 

conn1 232550 

conn15 232550 

conn2 232558 

conn23 232558 

conn1 232553 

conn18 232553 

conn1 232545 

conn10 232545 

conn8 232543 

conn6 232541 

conn2 232537 

conn4 232539 

conn2 232556 

conn21 232556 

conn1 232554 

conn19 232554 

conn1 232548 

conn13 232548 

conn3 232538 

conn5 232540 

conn2 232537 

conn7 232542 

conn1 232549 

conn14 232549 

conn1 232536 

conn8 232543 

conn1 232551 

conn16 232551 

conn9 232544 

conn4 232539 

conn1 232547 

conn12 232547 

conn2 232557 

conn22 232557 

conn2 232555 

conn20 232555 

conn1 232549 

conn14 232549 

conn1 232549 

conn14 232549 

conn7 232542 

conn4 232539 

conn6 232541 

conn2 232558 

conn23 232558 

conn2 232557 

conn22 232557 

conn6 232541 

conn7 232542 

conn1 232545 

conn10 232545 

conn1 232553 

conn18 232553 

conn2 232558 

conn23 232558 

conn2 232537 

conn1 232554 

conn19 232554 

conn4 232539 

conn8 232543 

conn2 232537 

conn1 232546 

conn11 232546 

conn2 232556 

conn21 232556 

conn1 232548 

conn13 232548 

conn7 232542 

conn3 232538 

conn5 232540 

conn1 232554 

conn19 232554 

conn1 232549 

conn14 232549 

conn8 232543 

conn2 232557 

conn22 232557 

conn1 232536 

conn1 232551 

conn16 232551 

conn2 232557 

conn22 232557 

conn9 232544 

conn1 232547 

conn12 232547 

conn2 232555 

conn20 232555 

conn7 232542 

conn6 232541 

conn6 232541 

conn2 232537 

conn1 232546 

conn11 232546 

conn2 232558 

conn23 232558 

conn1 232551 

conn16 232551 

conn2 232556 

conn21 232556 

conn7 232542 

conn1 232548 

conn13 232548 

conn1 232536 

conn5 232540 

conn3 232538 

conn1 232554 

conn19 232554 

conn7 232542 

conn1 232549 

conn14 232549 

conn1 232552 

conn17 232552 

conn8 232543 

conn1 232536 

conn1 232553 

conn18 232553 

conn1 232551 

conn16 232551 

conn1 232547 

conn12 232547 

conn1 232550 

conn15 232550 

conn2 232557 

conn22 232557 

conn9 232544 

conn1 232547 

conn12 232547 

conn1 232553 

conn18 232553 

conn5 232540 

conn2 232555 

conn20 232555 

conn2 236659 

conn27 236659 

conn6 236638 

conn6 236638 

conn1 236648 

conn16 236648 

conn2 236659 

conn27 236659 

conn1 236642 

conn10 236642 

conn2 236660 

conn28 236660 

conn9 236641 

conn2 236654 

conn22 236654 

conn6 236638 

conn2 236658 

conn26 236658 

conn2 236659 

conn27 236659 

conn2 236653 

conn21 236653 

conn2 236655 

conn23 236655 

conn1 236644 

conn12 236644 

conn5 236637 

conn2 236656 

conn24 236656 

conn1 236646 

conn14 236646 

conn4 236636 

conn1 236648 

conn16 236648 

conn2 236659 

conn27 236659 

conn8 236640 

conn1 236645 

conn13 236645 

conn1 236651 

conn19 236651 

conn2 236658 

conn26 236658 

conn2 236634 

conn1 236633 

conn1 236633 

conn7 236639 

conn1 236650 

conn18 236650 

conn8 236640 

conn2 236652 

conn20 236652 

conn2 236652 

conn20 236652 

[report] load_overall_duration_ns : 600000000000.000000
[report] load_overall_duration_s : 600.000000
[report] load_overall_throughput : 71946.776667
[report] load_overall_average_latency_ns : 13899.163331
