numactl --membind=0 /home/wjxt/gxr/testMongoDB/build//run_clients --num_threads=20 --core_binding=0,0,1,2,3,4,5,6,7,8,9,10,11,24,25,26,27,28,29,30,31,32,33,34,35,12,13,14,15,16,17,18,19,20,21,22,23,36,37,38,39,40,41,42,43,44,45,46,47 --str_key_size=8 --str_value_size=100 --URI_set=mongodb://172.20.208.111:27017,mongodb://172.20.208.111:27018,mongodb://172.20.208.111:27019,mongodb://172.20.208.111:27020,mongodb://172.20.208.111:27021,mongodb://172.20.208.111:27022,mongodb://172.20.208.111:27023,mongodb://172.20.208.111:27024,mongodb://172.20.208.111:27025,mongodb://172.20.208.111:27026,mongodb://172.20.208.111:27027,mongodb://172.20.208.111:27028,mongodb://172.20.208.111:27029,mongodb://172.20.208.111:27030,mongodb://172.20.208.111:27031,mongodb://172.20.208.111:27032,mongodb://172.20.208.111:27033,mongodb://172.20.208.111:27034,mongodb://172.20.208.111:27035,mongodb://172.20.208.111:27036,mongodb://172.20.208.111:27037,mongodb://172.20.208.111:27038,mongodb://172.20.208.111:27039,mongodb://172.20.208.111:27040,mongodb://172.20.208.111:27041,mongodb://172.20.208.111:27042,mongodb://172.20.208.111:27043,mongodb://172.20.208.111:27044,mongodb://172.20.208.111:27045,mongodb://172.20.208.111:27046,mongodb://172.20.208.111:27047,mongodb://172.20.208.111:27048,mongodb://172.20.208.111:27049,mongodb://172.20.208.111:27050,mongodb://172.20.208.111:27051,mongodb://172.20.208.111:27052,mongodb://172.20.208.111:27053,mongodb://172.20.208.111:27054,mongodb://172.20.208.111:27055,mongodb://172.20.208.111:27056,mongodb://172.20.208.111:27057,mongodb://172.20.208.111:27058,mongodb://172.20.208.111:27059,mongodb://172.20.208.111:27060,mongodb://172.20.208.111:27061,mongodb://172.20.208.111:27062,mongodb://172.20.208.111:27063,mongodb://172.20.208.111:27064 --URI=mongodb://172.20.208.111:27017 --time_interval=600 --pid=230843 --first_mode=true
[sudo] gxr 的密码： conn1 conn2 conn3 conn4 conn5 conn6 conn7 conn8 conn9 conn10 conn11 conn12 conn13 conn14 conn15 conn16 conn17 conn18 conn19 conn20
['conn1', 'conn2', 'conn3', 'conn4', 'conn5', 'conn6', 'conn7', 'conn8', 'conn9', 'conn10', 'conn11', 'conn12', 'conn13', 'conn14', 'conn15', 'conn16', 'conn17', 'conn18', 'conn19', 'conn20']
conn1 229852 

conn16 229852 

conn1 229849 

conn13 229849 

conn1 229849 

conn13 229849 

conn6 229842 

conn1 229852 

conn16 229852 

conn1 229846 

conn10 229846 

conn4 229840 

conn7 229843 

conn1 229847 

conn11 229847 

conn1 229851 

conn15 229851 

conn9 229845 

conn1 229837 

conn1 229852 

conn16 229852 

conn1 229848 

conn12 229848 

conn1 229847 

conn11 229847 

conn1 229846 

conn10 229846 

conn4 229840 

conn7 229843 

conn1 229851 

conn15 229851 

conn9 229845 

conn1 229837 

conn6 229842 

conn1 229852 

conn16 229852 

conn1 229849 

conn13 229849 

conn1 229847 

conn11 229847 

conn8 229844 

conn6 229842 

conn5 229841 

conn1 229849 

conn13 229849 

conn1 229847 

conn11 229847 

conn1 229851 

conn15 229851 

conn1 229849 

conn13 229849 

conn1 229849 

conn13 229849 

conn6 229842 

conn4 229840 

conn1 229847 

conn11 229847 

conn1 229849 

conn13 229849 

conn6 229842 

conn1 229846 

conn10 229846 

conn5 229841 

conn4 229840 

conn1 229851 

conn15 229851 

conn1 229848 

conn12 229848 

conn7 229843 

conn1 229837 

conn9 229845 

conn1 229852 

conn16 229852 

conn8 229844 

conn1 229847 

conn11 229847 

conn1 229846 

conn10 229846 

conn4 229840 

conn5 229841 

conn1 229849 

conn13 229849 

conn1 229851 

conn15 229851 

conn7 229843 

conn1 229837 

conn9 229845 

conn1 229852 

conn16 229852 

conn5 229841 

conn3 229839 

conn1 229847 

conn11 229847 

conn1 229846 

conn10 229846 

conn1 229848 

conn12 229848 

conn3 229839 

conn1 229847 

conn11 229847 

conn1 229849 

conn13 229849 

conn3 229839 

conn8 229844 

conn3 229839 

conn6 229842 

conn1 229848 

conn12 229848 

conn1 229846 

conn10 229846 

conn6 229842 

conn4 229840 

conn7 229843 

conn1 229847 

conn11 229847 

conn7 229843 

conn1 229851 

conn15 229851 

conn9 229845 

conn1 229852 

conn16 229852 

conn1 229837 

conn1 229849 

conn13 229849 

conn1 229846 

conn10 229846 

conn1 229849 

conn13 229849 

conn8 229844 

conn1 229846 

conn10 229846 

conn4 229840 

conn8 229844 

conn7 229843 

conn1 229851 

conn15 229851 

conn1 229852 

conn16 229852 

conn9 229845 

conn1 229837 

conn6 229842 

conn1 229848 

conn12 229848 

conn1 229846 

conn10 229846 

conn3 229839 

conn1 229848 

conn12 229848 

conn1 229847 

conn11 229847 

conn1 229848 

conn12 229848 

conn9 229845 

conn5 229841 

conn1 229848 

conn12 229848 

conn3 229839 

conn1 229846 

conn10 229846 

conn3 229839 

conn1 229847 

conn11 229847 

conn1 229849 

conn13 229849 

conn4 229840 

conn1 229848 

conn12 229848 

conn1 229847 

conn11 229847 

conn7 229843 

conn1 229851 

conn15 229851 

conn9 229845 

conn1 229837 

conn1 229848 

conn12 229848 

conn1 229849 

conn13 229849 

conn1 229846 

conn10 229846 

conn1 229846 

conn10 229846 

conn4 229840 

conn7 229843 

conn1 229851 

conn15 229851 

conn1 229852 

conn16 229852 

conn9 229845 

conn1 229837 

conn1 229837 

conn6 229842 

conn1 229851 

conn15 229851 

conn1 229847 

conn11 229847 

conn6 229842 

conn1 229847 

conn11 229847 

conn1 229846 

conn10 229846 

conn8 229844 

conn6 229842 

conn7 229843 

conn6 229842 

conn1 229846 

conn10 229846 

conn5 229841 

conn4 229840 

conn7 229843 

conn1 229847 

conn11 229847 

conn1 229851 

conn15 229851 

conn1 229852 

conn16 229852 

conn9 229845 

conn1 229837 

conn3 229839 

conn1 229847 

conn11 229847 

conn1 229837 

conn8 229844 

conn8 229844 

conn1 229849 

conn13 229849 

conn1 229848 

conn12 229848 

conn1 229846 

conn10 229846 

conn4 229840 

conn7 229843 

conn1 229851 

conn15 229851 

conn8 229844 

conn1 229849 

conn13 229849 

conn3 229839 

conn1 229852 

conn16 229852 

conn1 229847 

conn11 229847 

conn4 229840 

conn1 229847 

conn11 229847 

conn6 229842 

conn3 229839 

conn1 229849 

conn13 229849 

conn1 229849 

conn13 229849 

conn1 229847 

conn11 229847 

conn3 229839 

conn1 229851 

conn15 229851 

conn1 229851 

conn15 229851 

conn1 229846 

conn10 229846 

conn5 229841 

conn4 229840 

conn6 229842 

conn7 229843 

conn1 229848 

conn12 229848 

conn1 229851 

conn15 229851 

conn1 229852 

conn16 229852 

conn9 229845 

conn1 229852 

conn16 229852 

conn1 229848 

conn12 229848 

conn1 229846 

conn10 229846 

conn3 229839 

conn1 229837 

conn3 229839 

conn1 229849 

conn13 229849 

conn1 229846 

conn10 229846 

conn4 229840 

conn6 229842 

conn1 229847 

conn11 229847 

conn7 229843 

conn1 229851 

conn15 229851 

conn1 229852 

conn16 229852 

conn1 229837 

conn9 229845 

conn5 229841 

conn5 229841 

conn1 229848 

conn12 229848 

conn8 229844 

conn4 229840 

conn8 229844 

conn4 229840 

conn1 229849 

conn13 229849 

conn5 229841 

conn1 229846 

conn10 229846 

conn4 229840 

conn3 229839 

conn1 229848 

conn12 229848 

conn7 229843 

conn1 229851 

conn15 229851 

conn1 229852 

conn16 229852 

conn1 229837 

conn1 229847 

conn11 229847 

conn7 229843 

conn5 229841 

conn3 229839 

conn1 229847 

conn11 229847 

conn1 229846 

conn10 229846 

conn4 229840 

conn7 229843 

conn1 229851 

conn15 229851 

conn1 229852 

conn16 229852 

conn1 229837 

conn1 229837 

conn1 229847 

conn11 229847 

conn5 229841 

conn6 229842 

conn1 229851 

conn15 229851 

conn8 229844 

conn4 229840 

conn1 229846 

conn10 229846 

conn6 229842 

conn7 229843 

conn1 229847 

conn11 229847 

conn1 229851 

conn15 229851 

conn1 229852 

conn16 229852 

conn1 229837 

conn4 229840 

conn9 229845 

conn1 229846 

conn10 229846 

conn5 229841 

conn1 229849 

conn13 229849 

conn5 229841 

conn7 229843 

conn5 229841 

conn1 229846 

conn10 229846 

conn1 229848 

conn12 229848 

conn6 229842 

conn7 229843 

conn5 229841 

conn7 229843 

conn3 229839 

conn1 229848 

conn12 229848 

conn4 229840 

conn1 229846 

conn10 229846 

conn5 229841 

conn7 229843 

conn1 229851 

conn15 229851 

conn6 229842 

conn1 229837 

conn5 229841 

conn1 229849 

conn13 229849 

conn7 229843 

conn6 229842 

conn4 229840 

conn1 229846 

conn10 229846 

conn3 229839 

conn7 229843 

conn6 229842 

conn1 229851 

conn15 229851 

conn1 229849 

conn13 229849 

conn1 229837 

conn6 229842 

conn1 229849 

conn13 229849 

conn1 229849 

conn13 229849 

conn5 229841 

conn1 229848 

conn12 229848 

conn3 229839 

conn1 229848 

conn12 229848 

conn1 229848 

conn12 229848 

conn3 229839 

conn1 229849 

conn13 229849 

conn4 229840 

conn1 229846 

conn10 229846 

conn7 229843 

conn1 229851 

conn15 229851 

conn1 229852 

conn16 229852 

conn1 229837 

conn4 229840 

conn9 229845 

conn4 229840 

conn5 229841 

conn1 229849 

conn13 229849 

conn4 229840 

conn3 229839 

conn1 229846 

conn10 229846 

conn7 229843 

conn1 229851 

conn15 229851 

conn1 229847 

conn11 229847 

conn1 229847 

conn11 229847 

conn1 229852 

conn16 229852 

conn1 229837 

conn6 229842 

conn1 229846 

conn10 229846 

conn9 229845 

conn1 229849 

conn13 229849 

conn5 229841 

conn4 229840 

conn1 229849 

conn13 229849 

conn5 229841 

conn6 229842 

conn1 229848 

conn12 229848 

conn5 229841 

conn1 229848 

conn12 229848 

conn3 229839 

conn6 229842 

conn1 229849 

conn13 229849 

conn4 229840 

conn1 229846 

conn10 229846 

conn7 229843 

conn1 229851 

conn15 229851 

conn1 229851 

conn15 229851 

conn1 229837 

conn1 229852 

conn16 229852 

conn8 229844 

conn9 229845 

conn7 229843 

conn1 229849 

conn13 229849 

conn6 229842 

conn4 229840 

conn7 229843 

conn1 229846 

conn10 229846 

conn1 229851 

conn15 229851 

conn1 229847 

conn11 229847 

conn1 229837 

conn1 229852 

conn16 229852 

conn7 229843 

conn1 229847 

conn11 229847 

conn4 229840 

conn9 229845 

conn1 229848 

conn12 229848 

conn8 229844 

conn3 229839 

conn1 229849 

conn13 229849 

conn1 229837 

conn1 229846 

conn10 229846 

conn1 229851 

conn15 229851 

conn8 229844 

conn1 229849 

conn13 229849 

conn6 229842 

conn1 229848 

conn12 229848 

conn1 231578 

conn13 231578 

conn6 231571 

conn5 231570 

conn1 231576 

conn11 231576 

conn1 231583 

conn18 231583 

conn1 231584 

conn19 231584 

conn9 231574 

conn7 231572 

conn1 231579 

conn14 231579 

conn1 231576 

conn11 231576 

conn1 231583 

conn18 231583 

conn1 231577 

conn12 231577 

conn4 231569 

conn2 231567 

conn1 231566 

conn9 231574 

conn2 231585 

conn20 231585 

conn1 231581 

conn16 231581 

conn1 231578 

conn13 231578 

conn5 231570 

conn1 231578 

conn13 231578 

conn3 231568 

conn1 231583 

conn18 231583 

conn3 231568 

conn1 231578 

conn13 231578 

conn5 231570 

conn7 231572 

conn6 231571 

conn6 231571 

conn8 231573 

conn3 231568 

conn1 231580 

conn15 231580 

conn2 231567 

conn2 231585 

conn20 231585 

[report] load_overall_duration_ns : 600000000000.000000
[report] load_overall_duration_s : 600.000000
[report] load_overall_throughput : 54282.183333
[report] load_overall_average_latency_ns : 18422.250886
