numactl --membind=0 /home/wjxt/gxr/testMongoDB/build//run_clients --num_threads=24 --core_binding=0,0,1,2,3,4,5,6,7,8,9,10,11,24,25,26,27,28,29,30,31,32,33,34,35,12,13,14,15,16,17,18,19,20,21,22,23,36,37,38,39,40,41,42,43,44,45,46,47 --str_key_size=8 --str_value_size=100 --URI_set=mongodb://172.20.208.111:27017,mongodb://172.20.208.111:27018,mongodb://172.20.208.111:27019,mongodb://172.20.208.111:27020,mongodb://172.20.208.111:27021,mongodb://172.20.208.111:27022,mongodb://172.20.208.111:27023,mongodb://172.20.208.111:27024,mongodb://172.20.208.111:27025,mongodb://172.20.208.111:27026,mongodb://172.20.208.111:27027,mongodb://172.20.208.111:27028,mongodb://172.20.208.111:27029,mongodb://172.20.208.111:27030,mongodb://172.20.208.111:27031,mongodb://172.20.208.111:27032,mongodb://172.20.208.111:27033,mongodb://172.20.208.111:27034,mongodb://172.20.208.111:27035,mongodb://172.20.208.111:27036,mongodb://172.20.208.111:27037,mongodb://172.20.208.111:27038,mongodb://172.20.208.111:27039,mongodb://172.20.208.111:27040,mongodb://172.20.208.111:27041,mongodb://172.20.208.111:27042,mongodb://172.20.208.111:27043,mongodb://172.20.208.111:27044,mongodb://172.20.208.111:27045,mongodb://172.20.208.111:27046,mongodb://172.20.208.111:27047,mongodb://172.20.208.111:27048,mongodb://172.20.208.111:27049,mongodb://172.20.208.111:27050,mongodb://172.20.208.111:27051,mongodb://172.20.208.111:27052,mongodb://172.20.208.111:27053,mongodb://172.20.208.111:27054,mongodb://172.20.208.111:27055,mongodb://172.20.208.111:27056,mongodb://172.20.208.111:27057,mongodb://172.20.208.111:27058,mongodb://172.20.208.111:27059,mongodb://172.20.208.111:27060,mongodb://172.20.208.111:27061,mongodb://172.20.208.111:27062,mongodb://172.20.208.111:27063,mongodb://172.20.208.111:27064 --URI=mongodb://172.20.208.111:27017 --time_interval=600 --pid=232454 --first_mode=true
[sudo] gxr 的密码： conn1 conn2 conn3 conn4 conn5 conn6 conn7 conn8 conn9 conn10 conn11 conn12 conn13 conn14 conn15 conn16 conn17 conn18 conn19 conn20 conn21 conn22 conn23 conn24
['conn1', 'conn2', 'conn3', 'conn4', 'conn5', 'conn6', 'conn7', 'conn8', 'conn9', 'conn10', 'conn11', 'conn12', 'conn13', 'conn14', 'conn15', 'conn16', 'conn17', 'conn18', 'conn19', 'conn20', 'conn21', 'conn22', 'conn23', 'conn24']
conn1 231578 

conn13 231578 

conn5 231570 

conn1 231576 

conn11 231576 

conn6 231571 

conn1 231566 

conn1 231579 

conn14 231579 

conn3 231568 

conn1 231581 

conn16 231581 

conn8 231573 

conn1 231584 

conn19 231584 

conn1 231579 

conn14 231579 

conn9 231574 

conn7 231572 

conn1 231583 

conn18 231583 

conn1 231576 

conn11 231576 

conn1 231577 

conn12 231577 

conn1 231566 

conn1 231578 

conn13 231578 

conn5 231570 

conn4 231569 

conn1 231581 

conn16 231581 

conn9 231574 

conn2 231585 

conn20 231585 

conn6 231571 

conn3 231568 

conn1 231579 

conn14 231579 

conn7 231572 

conn1 231583 

conn18 231583 

conn1 231576 

conn11 231576 

conn1 231578 

conn13 231578 

conn1 231566 

conn1 231577 

conn12 231577 

conn2 231585 

conn20 231585 

conn4 231569 

conn1 231581 

conn16 231581 

conn2 231585 

conn20 231585 

conn9 231574 

conn8 231573 

conn1 231578 

conn13 231578 

conn4 231569 

conn8 231573 

conn1 231578 

conn13 231578 

conn1 231582 

conn17 231582 

conn3 231568 

conn3 231568 

conn6 231571 

conn1 231584 

conn19 231584 

conn8 231573 

conn1 231580 

conn15 231580 

conn1 231578 

conn13 231578 

conn1 231577 

conn12 231577 

conn8 231573 

conn1 231575 

conn10 231575 

conn1 231575 

conn10 231575 

conn2 231585 

conn20 231585 

conn1 231584 

conn19 231584 

conn1 231566 

conn8 231573 

conn1 231582 

conn17 231582 

conn1 231579 

conn14 231579 

conn7 231572 

conn1 231583 

conn18 231583 

conn1 231583 

conn18 231583 

conn1 231566 

conn8 231573 

conn1 231584 

conn19 231584 

conn1 231575 

conn10 231575 

conn2 231585 

conn20 231585 

conn1 231577 

conn12 231577 

conn8 231573 

conn1 231581 

conn16 231581 

conn4 231569 

conn1 231578 

conn13 231578 

conn6 231571 

conn1 231584 

conn19 231584 

conn6 231571 

conn1 231579 

conn14 231579 

conn7 231572 

conn1 231576 

conn11 231576 

conn1 231583 

conn18 231583 

conn9 231574 

conn2 231585 

conn20 231585 

conn1 231582 

conn17 231582 

conn1 231577 

conn12 231577 

conn1 231581 

conn16 231581 

conn4 231569 

conn9 231574 

conn1 231582 

conn17 231582 

conn8 231573 

conn5 231570 

conn1 231580 

conn15 231580 

conn1 231578 

conn13 231578 

conn7 231572 

conn1 231582 

conn17 231582 

conn5 231570 

conn1 231584 

conn19 231584 

conn1 231580 

conn15 231580 

conn2 231567 

conn1 231566 

conn1 231578 

conn13 231578 

conn1 231580 

conn15 231580 

conn3 231568 

conn1 231583 

conn18 231583 

conn1 231582 

conn17 231582 

conn1 231583 

conn18 231583 

conn5 231570 

conn2 231585 

conn20 231585 

conn2 231567 

conn1 231575 

conn10 231575 

conn1 231581 

conn16 231581 

conn4 231569 

conn2 231567 

conn9 231574 

conn2 231567 

conn8 231573 

conn3 231568 

conn3 231568 

conn1 231583 

conn18 231583 

conn2 231585 

conn20 231585 

conn7 231572 

conn1 231581 

conn16 231581 

conn7 231572 

conn1 231566 

conn1 231581 

conn16 231581 

conn5 231570 

conn1 231578 

conn13 231578 

conn1 231577 

conn12 231577 

conn4 231569 

conn8 231573 

conn1 231582 

conn17 231582 

conn1 231584 

conn19 231584 

conn3 231568 

conn1 231575 

conn10 231575 

conn1 231575 

conn10 231575 

conn8 231573 

conn2 231567 

conn6 231571 

conn6 231571 

conn1 231582 

conn17 231582 

conn2 231567 

conn1 231580 

conn15 231580 

conn1 231584 

conn19 231584 

conn1 231583 

conn18 231583 

conn2 231585 

conn20 231585 

conn1 231580 

conn15 231580 

conn3 231568 

conn1 231566 

conn1 231578 

conn13 231578 

conn1 231581 

conn16 231581 

conn1 231575 

conn10 231575 

conn1 231577 

conn12 231577 

conn1 231578 

conn13 231578 

conn1 231582 

conn17 231582 

conn1 231578 

conn13 231578 

conn5 231570 

conn1 231579 

conn14 231579 

conn1 231575 

conn10 231575 

conn1 231580 

conn15 231580 

conn8 231573 

conn6 231571 

conn2 231585 

conn20 231585 

conn1 231583 

conn18 231583 

conn1 231583 

conn18 231583 

conn1 231566 

conn1 231581 

conn16 231581 

conn3 231568 

conn1 231583 

conn18 231583 

conn7 231572 

conn1 231584 

conn19 231584 

conn6 231571 

conn1 231578 

conn13 231578 

conn8 231573 

conn1 231575 

conn10 231575 

conn1 231581 

conn16 231581 

conn2 231585 

conn20 231585 

conn1 231583 

conn18 231583 

conn2 231567 

conn1 231580 

conn15 231580 

conn1 231579 

conn14 231579 

conn1 231566 

conn8 231573 

conn1 231581 

conn16 231581 

conn4 231569 

conn1 231581 

conn16 231581 

conn8 231573 

conn1 231576 

conn11 231576 

conn4 231569 

conn3 231568 

conn1 231575 

conn10 231575 

conn2 231585 

conn20 231585 

conn1 231566 

conn1 231581 

conn16 231581 

conn1 231575 

conn10 231575 

conn1 231576 

conn11 231576 

conn8 231573 

conn1 231583 

conn18 231583 

conn5 231570 

conn1 231580 

conn15 231580 

conn6 231571 

conn1 231580 

conn15 231580 

conn2 231585 

conn20 231585 

conn1 231583 

conn18 231583 

conn1 231579 

conn14 231579 

conn1 231566 

conn1 231581 

conn16 231581 

conn2 231567 

conn4 231569 

conn2 231567 

conn6 231571 

conn1 231579 

conn14 231579 

conn4 231569 

conn6 231571 

conn6 231571 

conn1 231580 

conn15 231580 

conn2 231585 

conn20 231585 

conn1 231583 

conn18 231583 

conn1 231566 

conn4 231569 

conn1 231582 

conn17 231582 

conn1 231582 

conn17 231582 

conn2 231585 

conn20 231585 

conn1 231582 

conn17 231582 

conn1 231583 

conn18 231583 

conn1 231580 

conn15 231580 

conn1 231579 

conn14 231579 

conn1 231575 

conn10 231575 

conn1 231581 

conn16 231581 

conn1 231566 

conn2 231585 

conn20 231585 

conn4 231569 

conn5 231570 

conn1 231578 

conn13 231578 

conn1 231583 

conn18 231583 

conn1 231583 

conn18 231583 

conn1 231578 

conn13 231578 

conn1 231579 

conn14 231579 

conn7 231572 

conn1 231581 

conn16 231581 

conn1 231576 

conn11 231576 

conn4 231569 

conn9 231574 

conn1 231578 

conn13 231578 

conn6 231571 

conn1 231578 

conn13 231578 

conn1 231583 

conn18 231583 

conn4 231569 

conn1 231582 

conn17 231582 

conn7 231572 

conn1 231581 

conn16 231581 

conn1 231579 

conn14 231579 

conn1 231576 

conn11 231576 

conn4 231569 

conn7 231572 

conn6 231571 

conn1 231575 

conn10 231575 

conn5 231570 

conn1 231580 

conn15 231580 

conn6 231571 

conn1 231583 

conn18 231583 

conn1 231582 

conn17 231582 

conn1 231566 

conn2 231585 

conn20 231585 

conn1 231583 

conn18 231583 

conn1 231578 

conn13 231578 

conn7 231572 

conn1 231579 

conn14 231579 

conn2 231567 

conn1 231578 

conn13 231578 

conn9 231574 

conn6 231571 

conn1 231583 

conn18 231583 

conn1 231581 

conn16 231581 

conn1 231583 

conn18 231583 

conn1 231582 

conn17 231582 

conn8 231573 

conn1 231578 

conn13 231578 

conn3 231568 

conn7 231572 

conn1 231579 

conn14 231579 

conn8 231573 

conn1 231579 

conn14 231579 

conn1 231576 

conn11 231576 

conn1 231578 

conn13 231578 

conn9 231574 

conn4 231569 

conn5 231570 

conn1 231575 

conn10 231575 

conn1 231582 

conn17 231582 

conn5 231570 

conn5 231570 

conn1 231582 

conn17 231582 

conn8 231573 

conn6 231571 

conn1 231566 

conn1 231583 

conn18 231583 

conn5 231570 

conn1 231584 

conn19 231584 

conn1 231581 

conn16 231581 

conn7 231572 

conn1 231579 

conn14 231579 

conn1 231576 

conn11 231576 

conn9 231574 

conn4 231569 

conn5 231570 

conn2 231567 

conn8 231573 

conn1 231575 

conn10 231575 

conn2 231567 

conn1 231583 

conn18 231583 

conn8 231573 

conn1 231578 

conn13 231578 

conn1 231575 

conn10 231575 

conn1 231581 

conn16 231581 

conn7 231572 

conn1 231579 

conn14 231579 

conn1 231576 

conn11 231576 

conn1 231566 

conn9 231574 

conn1 231577 

conn12 231577 

conn1 231576 

conn11 231576 

conn4 231569 

conn1 231575 

conn10 231575 

conn5 231570 

conn2 231567 

conn2 231585 

conn20 231585 

conn1 231582 

conn17 231582 

conn2 231567 

conn5 231570 

conn1 231582 

conn17 231582 

conn8 231573 

conn1 231575 

conn10 231575 

conn9 231574 

conn5 231570 

conn1 231584 

conn19 231584 

conn4 231569 

conn8 231573 

conn1 231584 

conn19 231584 

conn2 231585 

conn20 231585 

conn1 231566 

conn1 231583 

conn18 231583 

conn6 231571 

conn6 231571 

conn1 231581 

conn16 231581 

conn7 231572 

conn1 231579 

conn14 231579 

conn1 231576 

conn11 231576 

conn1 231577 

conn12 231577 

conn9 231574 

conn4 231569 

conn8 231573 

conn1 231581 

conn16 231581 

conn1 231583 

conn18 231583 

conn8 231573 

conn1 231578 

conn13 231578 

conn6 231571 

conn1 231575 

conn10 231575 

conn1 231581 

conn16 231581 

conn1 231581 

conn16 231581 

conn7 231572 

conn1 231579 

conn14 231579 

conn1 231566 

conn1 231576 

conn11 231576 

conn1 231577 

conn12 231577 

conn9 231574 

conn1 231578 

conn13 231578 

conn1 231580 

conn15 231580 

conn6 231571 

conn1 231576 

conn11 231576 

conn3 231568 

conn1 231584 

conn19 231584 

conn1 231580 

conn15 231580 

conn1 231584 

conn19 231584 

conn6 231571 

conn5 231570 

conn1 231583 

conn18 231583 

conn4 231569 

conn3 231568 

conn1 231577 

conn12 231577 

conn3 231568 

conn1 231580 

conn15 231580 

conn8 231573 

conn1 231584 

conn19 231584 

conn1 231578 

conn13 231578 

conn2 231567 

conn1 231577 

conn12 231577 

conn1 231577 

conn12 231577 

conn2 231585 

conn20 231585 

conn1 231566 

conn1 231582 

conn17 231582 

conn1 231583 

conn18 231583 

conn1 231575 

conn10 231575 

conn1 231581 

conn16 231581 

conn7 231572 

conn3 231568 

conn1 231579 

conn14 231579 

conn1 231576 

conn11 231576 

conn3 231568 

conn9 231574 

conn1 231577 

conn12 231577 

conn4 231569 

conn2 231585 

conn20 231585 

conn1 231583 

conn18 231583 

conn5 231570 

conn5 231570 

conn5 231570 

conn1 231584 

conn19 231584 

conn3 231568 

conn7 231572 

conn1 231581 

conn16 231581 

conn1 231584 

conn19 231584 

conn2 231585 

conn20 231585 

conn1 231579 

conn14 231579 

conn1 231566 

conn1 231576 

conn11 231576 

conn6 231571 

conn9 231574 

conn1 231577 

conn12 231577 

conn4 231569 

conn6 231571 

conn2 232556 

conn21 232556 

conn9 232544 

conn1 232554 

conn19 232554 

conn2 232555 

conn20 232555 

conn1 232545 

conn10 232545 

conn2 232537 

conn1 232548 

conn13 232548 

conn1 232554 

conn19 232554 

conn1 232554 

conn19 232554 

conn1 232549 

conn14 232549 

conn2 232537 

conn5 232540 

conn3 232538 

conn1 232546 

conn11 232546 

conn1 232536 

conn2 232556 

conn21 232556 

conn9 232544 

conn2 232555 

conn20 232555 

conn4 232539 

conn1 232547 

conn12 232547 

conn8 232543 

conn2 232557 

conn22 232557 

conn2 232559 

conn24 232559 

conn1 232548 

conn13 232548 

conn1 232551 

conn16 232551 

conn1 232549 

conn14 232549 

conn4 232539 

conn2 232559 

conn24 232559 

conn1 232550 

conn15 232550 

conn7 232542 

conn5 232540 

conn1 232536 

conn1 232550 

conn15 232550 

[report] load_overall_duration_ns : 600000000000.000000
[report] load_overall_duration_s : 600.000000
[report] load_overall_throughput : 63331.898333
[report] load_overall_average_latency_ns : 15789.831449
