numactl --membind=0 /home/wjxt/gxr/testMongoDB/build//run_clients --num_threads=16 --core_binding=0,0,1,2,3,4,5,6,7,8,9,10,11,24,25,26,27,28,29,30,31,32,33,34,35,12,13,14,15,16,17,18,19,20,21,22,23,36,37,38,39,40,41,42,43,44,45,46,47 --str_key_size=8 --str_value_size=100 --URI_set=mongodb://172.20.208.111:27017,mongodb://172.20.208.111:27018,mongodb://172.20.208.111:27019,mongodb://172.20.208.111:27020,mongodb://172.20.208.111:27021,mongodb://172.20.208.111:27022,mongodb://172.20.208.111:27023,mongodb://172.20.208.111:27024,mongodb://172.20.208.111:27025,mongodb://172.20.208.111:27026,mongodb://172.20.208.111:27027,mongodb://172.20.208.111:27028,mongodb://172.20.208.111:27029,mongodb://172.20.208.111:27030,mongodb://172.20.208.111:27031,mongodb://172.20.208.111:27032,mongodb://172.20.208.111:27033,mongodb://172.20.208.111:27034,mongodb://172.20.208.111:27035,mongodb://172.20.208.111:27036,mongodb://172.20.208.111:27037,mongodb://172.20.208.111:27038,mongodb://172.20.208.111:27039,mongodb://172.20.208.111:27040,mongodb://172.20.208.111:27041,mongodb://172.20.208.111:27042,mongodb://172.20.208.111:27043,mongodb://172.20.208.111:27044,mongodb://172.20.208.111:27045,mongodb://172.20.208.111:27046,mongodb://172.20.208.111:27047,mongodb://172.20.208.111:27048,mongodb://172.20.208.111:27049,mongodb://172.20.208.111:27050,mongodb://172.20.208.111:27051,mongodb://172.20.208.111:27052,mongodb://172.20.208.111:27053,mongodb://172.20.208.111:27054,mongodb://172.20.208.111:27055,mongodb://172.20.208.111:27056,mongodb://172.20.208.111:27057,mongodb://172.20.208.111:27058,mongodb://172.20.208.111:27059,mongodb://172.20.208.111:27060,mongodb://172.20.208.111:27061,mongodb://172.20.208.111:27062,mongodb://172.20.208.111:27063,mongodb://172.20.208.111:27064 --URI=mongodb://172.20.208.111:27017 --time_interval=600 --pid=229591 --first_mode=true
[sudo] gxr 的密码： conn1 conn2 conn3 conn4 conn5 conn6 conn7 conn8 conn9 conn10 conn11 conn12 conn13 conn14 conn15 conn16
['conn1', 'conn2', 'conn3', 'conn4', 'conn5', 'conn6', 'conn7', 'conn8', 'conn9', 'conn10', 'conn11', 'conn12', 'conn13', 'conn14', 'conn15', 'conn16']
conn9 228388 

conn2 228381 

conn3 228382 

conn6 228385 

conn1 228391 

conn12 228391 

conn8 228387 

conn5 228384 

conn4 228383 

conn1 228390 

conn11 228390 

conn9 228388 

conn1 228380 

conn5 228384 

conn3 228382 

conn6 228385 

conn1 228391 

conn12 228391 

conn1 228390 

conn11 228390 

conn6 228385 

conn9 228388 

conn5 228384 

conn1 228380 

conn8 228387 

conn7 228386 

conn8 228387 

conn9 228388 

conn7 228386 

conn5 228384 

conn4 228383 

conn4 228383 

conn8 228387 

conn7 228386 

conn5 228384 

conn3 228382 

conn6 228385 

conn4 228383 

conn4 228383 

conn7 228386 

conn1 228391 

conn12 228391 

conn5 228384 

conn1 228390 

conn11 228390 

conn9 228388 

conn1 228380 

conn7 228386 

conn3 228382 

conn6 228385 

conn1 228391 

conn12 228391 

conn1 228391 

conn12 228391 

conn1 228390 

conn11 228390 

conn9 228388 

conn5 228384 

conn4 228383 

conn8 228387 

conn1 228380 

conn9 228388 

conn4 228383 

conn2 228381 

conn5 228384 

conn4 228383 

conn9 228388 

conn3 228382 

conn1 228390 

conn11 228390 

conn6 228385 

conn7 228386 

conn1 228390 

conn11 228390 

conn5 228384 

conn9 228388 

conn1 228391 

conn12 228391 

conn2 228381 

conn3 228382 

conn6 228385 

conn9 228388 

conn1 228390 

conn11 228390 

conn9 228388 

conn1 228391 

conn12 228391 

conn4 228383 

conn7 228386 

conn4 228383 

conn5 228384 

conn1 228380 

conn8 228387 

conn2 228381 

conn3 228382 

conn2 228381 

conn3 228382 

conn6 228385 

conn7 228386 

conn8 228387 

conn7 228386 

conn2 228381 

conn1 228390 

conn11 228390 

conn9 228388 

conn5 228384 

conn1 228391 

conn12 228391 

conn8 228387 

conn1 228380 

conn4 228383 

conn9 228388 

conn3 228382 

conn6 228385 

conn1 228390 

conn11 228390 

conn9 228388 

conn1 228380 

conn5 228384 

conn1 228391 

conn12 228391 

conn2 228381 

conn4 228383 

conn4 228383 

conn1 228380 

conn2 228381 

conn9 228388 

conn2 228381 

conn3 228382 

conn6 228385 

conn9 228388 

conn7 228386 

conn1 228390 

conn11 228390 

conn2 228381 

conn9 228388 

conn7 228386 

conn2 228381 

conn8 228387 

conn1 228390 

conn11 228390 

conn1 228391 

conn12 228391 

conn9 228388 

conn1 228380 

conn7 228386 

conn3 228382 

conn1 228390 

conn11 228390 

conn9 228388 

conn7 228386 

conn2 228381 

conn2 228381 

conn1 228391 

conn12 228391 

conn7 228386 

conn8 228387 

conn8 228387 

conn1 228380 

conn2 228381 

conn1 228390 

conn11 228390 

conn3 228382 

conn3 228382 

conn6 228385 

conn4 228383 

conn1 228390 

conn11 228390 

conn4 228383 

conn9 228388 

conn4 228383 

conn2 228381 

conn7 228386 

conn1 228391 

conn12 228391 

conn1 228380 

conn1 228391 

conn12 228391 

conn3 228382 

conn6 228385 

conn1 228390 

conn11 228390 

conn4 228383 

conn1 228390 

conn11 228390 

conn9 228388 

conn2 228381 

conn2 228381 

conn8 228387 

conn1 228391 

conn12 228391 

conn8 228387 

conn4 228383 

conn1 228380 

conn3 228382 

conn7 228386 

conn1 228390 

conn11 228390 

conn6 228385 

conn4 228383 

conn1 228390 

conn11 228390 

conn9 228388 

conn5 228384 

conn4 228383 

conn2 228381 

conn8 228387 

conn1 228391 

conn12 228391 

conn4 228383 

conn1 228380 

conn8 228387 

conn9 228388 

conn3 228382 

conn7 228386 

conn6 228385 

conn1 228390 

conn11 228390 

conn2 228381 

conn9 228388 

conn8 228387 

conn5 228384 

conn7 228386 

conn1 228391 

conn12 228391 

conn1 228380 

conn3 228382 

conn6 228385 

conn4 228383 

conn1 228390 

conn11 228390 

conn4 228383 

conn9 228388 

conn2 228381 

conn8 228387 

conn1 228391 

conn12 228391 

conn1 228380 

conn2 228381 

conn1 228380 

conn7 228386 

conn2 228381 

conn1 228380 

conn7 228386 

conn3 228382 

conn5 228384 

conn1 228390 

conn11 228390 

conn9 228388 

conn4 228383 

conn8 228387 

conn5 228384 

conn7 228386 

conn1 228391 

conn12 228391 

conn8 228387 

conn3 228382 

conn6 228385 

conn1 228380 

conn6 228385 

conn4 228383 

conn1 228390 

conn11 228390 

conn9 228388 

conn5 228384 

conn1 228380 

conn8 228387 

conn1 228391 

conn12 228391 

conn1 228390 

conn11 228390 

conn1 228380 

conn5 228384 

conn1 228390 

conn11 228390 

conn7 228386 

conn7 228386 

conn8 228387 

conn3 228382 

conn5 228384 

conn5 228384 

conn6 228385 

conn1 228390 

conn11 228390 

conn9 228388 

conn4 228383 

conn2 228381 

conn3 228382 

conn7 228386 

conn2 228381 

conn1 228391 

conn12 228391 

conn6 228385 

conn7 228386 

conn1 228380 

conn1 228390 

conn11 228390 

conn4 228383 

conn8 228387 

conn9 228388 

conn6 228385 

conn2 228381 

conn8 228387 

conn7 228386 

conn1 228391 

conn12 228391 

conn1 228380 

conn7 228386 

conn5 228384 

conn4 228383 

conn8 228387 

conn4 228383 

conn1 229847 

conn11 229847 

conn1 229849 

conn13 229849 

conn4 229840 

conn8 229844 

conn1 229847 

conn11 229847 

conn6 229842 

conn1 229846 

conn10 229846 

conn4 229840 

conn7 229843 

conn1 229850 

conn14 229850 

conn1 229851 

conn15 229851 

conn9 229845 

conn6 229842 

conn1 229837 

conn1 229852 

conn16 229852 

conn1 229852 

conn16 229852 

conn1 229847 

conn11 229847 

conn8 229844 

conn5 229841 

conn1 229846 

conn10 229846 

conn6 229842 

conn6 229842 

conn5 229841 

conn1 229846 

conn10 229846 

conn1 229847 

conn11 229847 

conn1 229849 

conn13 229849 

conn9 229845 

conn3 229839 

conn1 229848 

conn12 229848 

[report] load_overall_duration_ns : 600000000000.000000
[report] load_overall_duration_s : 600.000000
[report] load_overall_throughput : 42809.338333
[report] load_overall_average_latency_ns : 23359.389305
