numactl --membind=0 /home/wjxt/gxr/testMongoDB/build//run_clients --num_threads=32 --core_binding=0,0,1,2,3,4,5,6,7,8,9,10,11,24,25,26,27,28,29,30,31,32,33,34,35,12,13,14,15,16,17,18,19,20,21,22,23,36,37,38,39,40,41,42,43,44,45,46,47 --str_key_size=8 --str_value_size=100 --URI_set=mongodb://172.20.208.111:27017,mongodb://172.20.208.111:27018,mongodb://172.20.208.111:27019,mongodb://172.20.208.111:27020,mongodb://172.20.208.111:27021,mongodb://172.20.208.111:27022,mongodb://172.20.208.111:27023,mongodb://172.20.208.111:27024,mongodb://172.20.208.111:27025,mongodb://172.20.208.111:27026,mongodb://172.20.208.111:27027,mongodb://172.20.208.111:27028,mongodb://172.20.208.111:27029,mongodb://172.20.208.111:27030,mongodb://172.20.208.111:27031,mongodb://172.20.208.111:27032,mongodb://172.20.208.111:27033,mongodb://172.20.208.111:27034,mongodb://172.20.208.111:27035,mongodb://172.20.208.111:27036,mongodb://172.20.208.111:27037,mongodb://172.20.208.111:27038,mongodb://172.20.208.111:27039,mongodb://172.20.208.111:27040,mongodb://172.20.208.111:27041,mongodb://172.20.208.111:27042,mongodb://172.20.208.111:27043,mongodb://172.20.208.111:27044,mongodb://172.20.208.111:27045,mongodb://172.20.208.111:27046,mongodb://172.20.208.111:27047,mongodb://172.20.208.111:27048,mongodb://172.20.208.111:27049,mongodb://172.20.208.111:27050,mongodb://172.20.208.111:27051,mongodb://172.20.208.111:27052,mongodb://172.20.208.111:27053,mongodb://172.20.208.111:27054,mongodb://172.20.208.111:27055,mongodb://172.20.208.111:27056,mongodb://172.20.208.111:27057,mongodb://172.20.208.111:27058,mongodb://172.20.208.111:27059,mongodb://172.20.208.111:27060,mongodb://172.20.208.111:27061,mongodb://172.20.208.111:27062,mongodb://172.20.208.111:27063,mongodb://172.20.208.111:27064 --URI=mongodb://172.20.208.111:27017 --time_interval=600 --pid=239258 --first_mode=true
[sudo] gxr 的密码： conn1 conn2 conn3 conn4 conn5 conn6 conn7 conn8 conn9 conn10 conn11 conn12 conn13 conn14 conn15 conn16 conn17 conn18 conn19 conn20 conn21 conn22 conn23 conn24 conn25 conn26 conn27 conn28 conn29 conn30 conn31 conn32
['conn1', 'conn2', 'conn3', 'conn4', 'conn5', 'conn6', 'conn7', 'conn8', 'conn9', 'conn10', 'conn11', 'conn12', 'conn13', 'conn14', 'conn15', 'conn16', 'conn17', 'conn18', 'conn19', 'conn20', 'conn21', 'conn22', 'conn23', 'conn24', 'conn25', 'conn26', 'conn27', 'conn28', 'conn29', 'conn30', 'conn31', 'conn32']
conn1 236643 

conn11 236643 

conn6 236638 

conn1 236649 

conn17 236649 

conn7 236639 

conn3 236635 

conn2 236657 

conn25 236657 

conn1 236643 

conn11 236643 

conn1 236647 

conn15 236647 

conn2 236652 

conn20 236652 

conn8 236640 

conn1 236642 

conn10 236642 

conn7 236639 

conn1 236650 

conn18 236650 

conn2 236657 

conn25 236657 

conn2 236659 

conn27 236659 

conn1 236649 

conn17 236649 

conn9 236641 

conn1 236644 

conn12 236644 

conn2 236654 

conn22 236654 

conn1 236642 

conn10 236642 

conn2 236660 

conn28 236660 

conn2 236653 

conn21 236653 

conn1 236642 

conn10 236642 

conn2 236654 

conn22 236654 

conn2 236655 

conn23 236655 

conn6 236638 

conn1 236644 

conn12 236644 

conn9 236641 

conn2 236656 

conn24 236656 

conn1 236646 

conn14 236646 

conn4 236636 

conn5 236637 

conn1 236648 

conn16 236648 

conn2 236659 

conn27 236659 

conn2 236658 

conn26 236658 

conn2 236657 

conn25 236657 

conn1 236647 

conn15 236647 

conn2 236660 

conn28 236660 

conn2 236634 

conn2 236653 

conn21 236653 

conn1 236642 

conn10 236642 

conn2 236655 

conn23 236655 

conn2 236654 

conn22 236654 

conn6 236638 

conn1 236633 

conn9 236641 

conn1 236650 

conn18 236650 

conn1 236646 

conn14 236646 

conn5 236637 

conn1 236648 

conn16 236648 

conn2 236659 

conn27 236659 

conn1 236633 

conn1 236651 

conn19 236651 

conn1 236645 

conn13 236645 

conn1 236649 

conn17 236649 

conn7 236639 

conn2 236658 

conn26 236658 

conn2 236657 

conn25 236657 

conn2 236634 

conn2 236654 

conn22 236654 

conn2 236652 

conn20 236652 

conn1 236647 

conn15 236647 

conn8 236640 

conn1 236649 

conn17 236649 

conn7 236639 

conn2 236657 

conn25 236657 

conn2 236652 

conn20 236652 

conn1 236647 

conn15 236647 

conn4 236636 

conn1 236651 

conn19 236651 

conn2 236634 

conn3 236635 

conn2 236659 

conn27 236659 

conn2 236657 

conn25 236657 

conn2 236653 

conn21 236653 

conn2 236654 

conn22 236654 

conn2 236655 

conn23 236655 

conn1 236642 

conn10 236642 

conn2 236656 

conn24 236656 

conn1 236644 

conn12 236644 

conn9 236641 

conn1 236646 

conn14 236646 

conn1 236648 

conn16 236648 

conn4 236636 

conn5 236637 

conn2 236659 

conn27 236659 

conn1 236651 

conn19 236651 

conn2 236655 

conn23 236655 

conn2 236634 

conn9 236641 

conn1 236650 

conn18 236650 

conn2 236660 

conn28 236660 

conn8 236640 

conn2 236653 

conn21 236653 

conn2 236654 

conn22 236654 

conn2 236656 

conn24 236656 

conn1 236645 

conn13 236645 

conn1 236642 

conn10 236642 

conn9 236641 

conn1 236644 

conn12 236644 

conn1 236646 

conn14 236646 

conn1 236648 

conn16 236648 

conn2 236654 

conn22 236654 

conn5 236637 

conn7 236639 

conn2 236659 

conn27 236659 

conn1 236651 

conn19 236651 

conn2 236657 

conn25 236657 

conn1 236643 

conn11 236643 

conn1 236645 

conn13 236645 

conn1 236647 

conn15 236647 

conn2 236652 

conn20 236652 

conn2 236658 

conn26 236658 

conn2 236653 

conn21 236653 

conn1 236633 

conn1 236650 

conn18 236650 

conn8 236640 

conn5 236637 

conn1 236645 

conn13 236645 

conn1 236649 

conn17 236649 

conn7 236639 

conn2 236657 

conn25 236657 

conn3 236635 

conn2 236656 

conn24 236656 

conn2 236657 

conn25 236657 

conn1 236643 

conn11 236643 

conn1 236647 

conn15 236647 

conn2 236652 

conn20 236652 

conn1 236633 

conn1 236643 

conn11 236643 

conn2 236657 

conn25 236657 

conn2 236660 

conn28 236660 

conn2 236634 

conn2 236655 

conn23 236655 

conn2 236654 

conn22 236654 

conn2 236653 

conn21 236653 

conn2 236656 

conn24 236656 

conn2 236655 

conn23 236655 

conn9 236641 

conn1 236642 

conn10 236642 

conn6 236638 

conn1 236642 

conn10 236642 

conn1 236646 

conn14 236646 

conn1 236644 

conn12 236644 

conn1 236646 

conn14 236646 

conn4 236636 

conn5 236637 

conn1 236647 

conn15 236647 

conn2 236659 

conn27 236659 

conn2 236655 

conn23 236655 

conn1 236645 

conn13 236645 

conn2 236658 

conn26 236658 

conn2 236656 

conn24 236656 

conn2 236634 

conn2 236655 

conn23 236655 

conn1 236633 

conn1 236650 

conn18 236650 

conn2 236659 

conn27 236659 

conn8 236640 

conn5 236637 

conn2 236660 

conn28 236660 

conn3 236635 

conn2 236653 

conn21 236653 

conn2 236656 

conn24 236656 

conn9 236641 

conn6 236638 

conn1 236644 

conn12 236644 

conn1 236648 

conn16 236648 

conn1 236643 

conn11 236643 

conn5 236637 

conn2 236659 

conn27 236659 

conn4 236636 

conn2 236652 

conn20 236652 

conn1 236647 

conn15 236647 

conn1 236651 

conn19 236651 

conn1 236645 

conn13 236645 

conn2 236655 

conn23 236655 

conn2 236655 

conn23 236655 

conn2 236658 

conn26 236658 

conn2 236634 

conn1 236647 

conn15 236647 

conn1 236650 

conn18 236650 

conn8 236640 

conn7 236639 

conn2 236659 

conn27 236659 

conn2 236657 

conn25 236657 

conn2 236652 

conn20 236652 

conn1 236647 

conn15 236647 

conn1 236646 

conn14 236646 

conn3 236635 

conn2 236653 

conn21 236653 

conn7 236639 

conn2 236652 

conn20 236652 

conn2 236660 

conn28 236660 

conn2 236660 

conn28 236660 

conn2 236653 

conn21 236653 

conn2 236654 

conn22 236654 

conn2 236654 

conn22 236654 

conn9 236641 

conn6 236638 

conn1 236642 

conn10 236642 

conn1 236646 

conn14 236646 

conn1 236648 

conn16 236648 

conn5 236637 

conn1 236643 

conn11 236643 

conn2 236659 

conn27 236659 

conn4 236636 

conn1 236651 

conn19 236651 

conn1 236648 

conn16 236648 

conn1 236648 

conn16 236648 

conn1 236649 

conn17 236649 

conn1 236633 

conn8 236640 

conn1 236650 

conn18 236650 

conn1 236645 

conn13 236645 

conn2 236634 

conn7 236639 

conn1 236649 

conn17 236649 

conn2 236657 

conn25 236657 

conn1 236643 

conn11 236643 

conn2 236655 

conn23 236655 

conn2 236654 

conn22 236654 

conn2 236653 

conn21 236653 

conn1 236647 

conn15 236647 

conn2 236652 

conn20 236652 

conn4 236636 

conn6 236638 

conn2 236652 

conn20 236652 

conn2 236656 

conn24 236656 

conn1 236646 

conn14 236646 

conn1 236642 

conn10 236642 

conn1 236648 

conn16 236648 

conn1 236644 

conn12 236644 

conn5 236637 

conn4 236636 

conn1 236648 

conn16 236648 

conn1 236633 

conn2 236658 

conn26 236658 

conn2 236634 

conn3 236635 

conn1 236633 

conn8 236640 

conn1 236650 

conn18 236650 

conn7 236639 

conn3 236635 

conn1 236647 

conn15 236647 

conn2 236652 

conn20 236652 

conn2 236655 

conn23 236655 

conn2 236660 

conn28 236660 

conn1 236644 

conn12 236644 

conn2 236660 

conn28 236660 

conn2 236653 

conn21 236653 

conn2 236654 

conn22 236654 

conn4 236636 

conn2 236656 

conn24 236656 

conn1 236646 

conn14 236646 

conn1 236642 

conn10 236642 

conn1 236644 

conn12 236644 

conn1 236648 

conn16 236648 

conn5 236637 

conn2 236659 

conn27 236659 

conn4 236636 

conn1 236645 

conn13 236645 

conn1 236645 

conn13 236645 

conn1 236651 

conn19 236651 

conn2 236658 

conn26 236658 

conn8 236640 

conn1 236642 

conn10 236642 

conn7 236639 

conn1 236649 

conn17 236649 

conn3 236635 

conn5 236637 

conn2 236657 

conn25 236657 

conn1 236647 

conn15 236647 

conn2 236652 

conn20 236652 

conn6 236638 

conn2 236655 

conn23 236655 

conn2 236654 

conn22 236654 

conn9 236641 

conn1 236644 

conn12 236644 

conn5 236637 

conn2 236659 

conn27 236659 

conn4 236636 

conn7 236639 

conn1 236645 

conn13 236645 

conn2 236652 

conn20 236652 

conn1 236651 

conn19 236651 

conn2 236634 

conn6 236638 

conn1 236633 

conn8 236640 

conn1 236650 

conn18 236650 

conn1 236643 

conn11 236643 

conn7 236639 

conn1 236649 

conn17 236649 

conn2 236657 

conn25 236657 

conn1 236647 

conn15 236647 

conn5 236637 

conn2 236652 

conn20 236652 

conn5 236637 

conn1 236651 

conn19 236651 

conn2 236660 

conn28 236660 

conn2 236653 

conn21 236653 

conn2 236654 

conn22 236654 

conn2 236655 

conn23 236655 

conn6 236638 

conn2 236656 

conn24 236656 

conn1 236642 

conn10 236642 

conn1 236644 

conn12 236644 

conn2 236659 

conn27 236659 

conn5 236637 

conn1 236645 

conn13 236645 

conn1 236643 

conn11 236643 

conn1 236651 

conn19 236651 

conn1 236643 

conn11 236643 

conn2 236634 

conn1 236647 

conn15 236647 

conn1 236633 

conn8 236640 

conn1 236650 

conn18 236650 

conn1 236643 

conn11 236643 

conn7 236639 

conn1 236649 

conn17 236649 

conn5 236637 

conn2 236657 

conn25 236657 

conn1 236643 

conn11 236643 

conn1 236647 

conn15 236647 

conn1 236643 

conn11 236643 

conn2 236652 

conn20 236652 

conn2 236652 

conn20 236652 

conn2 236660 

conn28 236660 

conn2 236653 

conn21 236653 

conn2 236654 

conn22 236654 

conn2 236655 

conn23 236655 

conn6 236638 

conn9 236641 

conn1 236642 

conn10 236642 

conn1 236648 

conn16 236648 

conn5 236637 

conn1 236643 

conn11 236643 

conn4 236636 

conn1 236651 

conn19 236651 

conn2 236652 

conn20 236652 

conn2 236658 

conn26 236658 

conn1 236643 

conn11 236643 

conn2 236634 

conn3 236635 

conn1 236650 

conn18 236650 

conn1 236633 

conn1 236650 

conn18 236650 

conn3 236635 

conn1 236649 

conn17 236649 

conn1 236633 

conn4 236636 

conn1 236647 

conn15 236647 

conn2 236652 

conn20 236652 

conn2 236660 

conn28 236660 

conn2 236660 

conn28 236660 

conn2 236655 

conn23 236655 

conn6 236638 

conn9 236641 

conn1 236642 

conn10 236642 

conn2 236660 

conn28 236660 

conn1 236648 

conn16 236648 

conn1 236644 

conn12 236644 

conn5 236637 

conn2 236659 

conn27 236659 

conn1 236633 

conn4 236636 

conn1 236651 

conn19 236651 

conn2 236658 

conn26 236658 

conn2 236634 

conn1 236633 

conn1 236645 

conn13 236645 

conn1 236642 

conn10 236642 

conn1 236643 

conn11 236643 

conn1 236650 

conn18 236650 

conn1 236649 

conn17 236649 

conn1 236649 

conn17 236649 

conn2 236657 

conn25 236657 

conn1 236647 

conn15 236647 

conn2 236652 

conn20 236652 

conn9 236641 

conn9 236641 

conn1 236633 

conn1 236644 

conn12 236644 

conn2 236653 

conn21 236653 

conn2 236660 

conn28 236660 

conn2 236655 

conn23 236655 

conn2 236654 

conn22 236654 

conn6 236638 

conn9 236641 

conn2 236656 

conn24 236656 

conn1 236646 

conn14 236646 

conn1 236642 

conn10 236642 

conn1 236644 

conn12 236644 

conn1 236648 

conn16 236648 

conn5 236637 

conn1 236645 

conn13 236645 

conn1 236651 

conn19 236651 

conn1 236651 

conn19 236651 

conn2 236658 

conn26 236658 

conn3 236635 

conn1 236642 

conn10 236642 

conn8 236640 

conn1 236650 

conn18 236650 

conn3 236635 

conn7 236639 

conn1 236649 

conn17 236649 

conn1 236647 

conn15 236647 

conn1 236647 

conn15 236647 

conn2 236652 

conn20 236652 

conn2 236660 

conn28 236660 

conn2 236654 

conn22 236654 

conn2 236655 

conn23 236655 

conn2 236656 

conn24 236656 

conn6 236638 

conn1 236646 

conn14 236646 

conn1 236642 

conn10 236642 

conn5 236637 

conn1 236648 

conn16 236648 

conn4 236636 

conn1 236645 

conn13 236645 

conn1 236651 

conn19 236651 

conn1 236633 

conn1 236644 

conn12 236644 

conn2 236658 

conn26 236658 

conn2 236634 

conn1 236633 

conn1 236643 

conn11 236643 

conn8 236640 

conn1 236650 

conn18 236650 

conn7 236639 

conn7 236639 

conn2 236658 

conn26 236658 

conn1 236649 

conn17 236649 

conn1 236643 

conn11 236643 

conn2 236657 

conn25 236657 

conn1 236650 

conn18 236650 

conn1 236643 

conn11 236643 

conn2 236652 

conn20 236652 

conn2 236634 

conn2 236658 

conn26 236658 

conn1 236647 

conn15 236647 

conn1 236651 

conn19 236651 

conn2 236652 

conn20 236652 

conn2 236660 

conn28 236660 

conn2 236654 

conn22 236654 

conn9 236641 

conn2 236656 

conn24 236656 

conn6 236638 

conn1 236646 

conn14 236646 

conn1 236646 

conn14 236646 

conn1 236644 

conn12 236644 

conn1 236642 

conn10 236642 

conn5 236637 

conn1 236648 

conn16 236648 

conn2 236659 

conn27 236659 

conn4 236636 

conn1 236645 

conn13 236645 

conn1 236651 

conn19 236651 

conn6 236638 

conn2 236658 

conn26 236658 

conn2 236634 

conn1 236643 

conn11 236643 

conn8 236640 

conn3 236635 

conn7 236639 

conn1 236648 

conn16 236648 

conn1 236649 

conn17 236649 

conn1 236648 

conn16 236648 

conn2 236660 

conn28 236660 

conn8 236640 

conn1 236633 

conn2 236653 

conn21 236653 

conn1 236645 

conn13 236645 

conn2 236654 

conn22 236654 

conn2 236655 

conn23 236655 

conn2 236657 

conn25 236657 

conn1 236647 

conn15 236647 

conn2 236656 

conn24 236656 

conn9 236641 

conn6 236638 

conn2 236652 

conn20 236652 

conn2 236653 

conn21 236653 

conn2 236653 

conn21 236653 

conn1 236642 

conn10 236642 

conn5 236637 

conn1 236644 

conn12 236644 

conn1 236648 

conn16 236648 

conn2 236659 

conn27 236659 

conn4 236636 

conn1 236645 

conn13 236645 

conn2 236656 

conn24 236656 

conn1 236651 

conn19 236651 

conn6 236638 

conn2 236658 

conn26 236658 

conn2 236634 

conn2 236634 

conn1 236633 

conn1 236647 

conn15 236647 

conn1 236650 

conn18 236650 

conn7 236639 

conn3 236635 

conn3 236635 

conn1 236649 

conn17 236649 

conn2 236657 

conn25 236657 

conn1 236647 

conn15 236647 

conn2 236659 

conn27 236659 

conn1 236643 

conn11 236643 

conn1 236643 

conn11 236643 

conn2 236652 

conn20 236652 

conn1 236644 

conn12 236644 

conn1 236645 

conn13 236645 

conn2 236658 

conn26 236658 

conn2 236652 

conn20 236652 

conn2 236660 

conn28 236660 

conn2 236653 

conn21 236653 

conn2 236654 

conn22 236654 

conn2 236655 

conn23 236655 

conn2 236656 

conn24 236656 

conn9 236641 

conn1 236648 

conn16 236648 

conn1 236649 

conn17 236649 

conn6 236638 

conn1 236648 

conn16 236648 

conn1 236642 

conn10 236642 

conn1 236646 

conn14 236646 

conn1 236644 

conn12 236644 

conn5 236637 

conn4 236636 

conn2 236659 

conn27 236659 

conn1 236649 

conn17 236649 

conn1 236645 

conn13 236645 

conn1 236651 

conn19 236651 

conn2 236657 

conn25 236657 

conn2 236658 

conn26 236658 

conn2 236656 

conn24 236656 

conn2 236634 

conn8 236640 

conn1 236650 

conn18 236650 

conn2 236660 

conn28 236660 

conn8 236640 

conn1 236633 

conn2 236653 

conn21 236653 

conn3 236635 

conn2 236658 

conn26 236658 

conn7 236639 

conn2 236655 

conn23 236655 

conn2 236654 

conn22 236654 

conn2 236656 

conn24 236656 

conn9 236641 

conn1 236649 

conn17 236649 

conn2 236657 

conn25 236657 

conn6 236638 

conn1 236648 

conn16 236648 

conn1 236646 

conn14 236646 

conn1 236647 

conn15 236647 

conn2 236657 

conn25 236657 

conn1 236642 

conn10 236642 

conn5 236637 

conn1 236644 

conn12 236644 

conn2 236659 

conn27 236659 

conn4 236636 

conn2 236634 

conn1 236645 

conn13 236645 

conn1 236651 

conn19 236651 

conn2 236652 

conn20 236652 

conn2 236658 

conn26 236658 

conn1 236650 

conn18 236650 

conn2 236634 

conn1 236643 

conn11 236643 

conn1 236650 

conn18 236650 

conn3 236635 

conn1 236633 

conn7 236639 

conn3 236635 

conn1 236649 

conn17 236649 

conn1 236647 

conn15 236647 

conn2 236657 

conn25 236657 

conn2 236657 

conn25 236657 

conn1 236643 

conn11 236643 

conn2 236652 

conn20 236652 

conn2 236654 

conn22 236654 

conn1 236643 

conn11 236643 

conn7 236639 

conn5 236637 

conn1 236644 

conn12 236644 

conn9 236641 

conn2 236634 

conn1 236651 

conn19 236651 

conn2 236660 

conn28 236660 

conn2 236653 

conn21 236653 

conn2 236655 

conn23 236655 

conn2 236655 

conn23 236655 

conn2 236654 

conn22 236654 

conn2 236656 

conn24 236656 

conn9 236641 

conn1 236648 

conn16 236648 

conn6 236638 

conn1 236646 

conn14 236646 

conn2 236654 

conn22 236654 

conn1 236642 

conn10 236642 

conn4 236636 

conn2 236659 

conn27 236659 

conn1 236645 

conn13 236645 

conn1 236647 

conn15 236647 

conn1 236651 

conn19 236651 

conn2 236658 

conn26 236658 

conn1 236650 

conn18 236650 

conn2 236660 

conn28 236660 

conn2 236634 

conn8 236640 

conn2 236653 

conn21 236653 

conn1 236633 

conn2 236655 

conn23 236655 

conn8 236640 

conn2 236656 

conn24 236656 

conn2 236654 

conn22 236654 

conn9 236641 

conn1 236650 

conn18 236650 

conn1 236648 

conn16 236648 

conn9 236641 

conn1 236646 

conn14 236646 

conn6 236638 

conn1 236642 

conn10 236642 

conn7 236639 

conn3 236635 

conn7 236639 

conn5 236637 

conn1 236644 

conn12 236644 

conn2 236659 

conn27 236659 

conn1 236645 

conn13 236645 

conn4 236636 

conn1 236649 

conn17 236649 

conn1 236651 

conn19 236651 

conn2 236657 

conn25 236657 

conn1 236647 

conn15 236647 

conn1 236651 

conn19 236651 

conn2 236658 

conn26 236658 

conn2 236634 

conn1 236642 

conn10 236642 

conn2 236658 

conn26 236658 

conn1 236650 

conn18 236650 

conn7 236639 

conn3 236635 

conn2 236654 

conn22 236654 

conn9 236641 

conn1 236649 

conn17 236649 

conn1 236647 

conn15 236647 

conn2 236657 

conn25 236657 

conn1 236633 

conn1 236643 

conn11 236643 

conn2 236652 

conn20 236652 

conn2 236658 

conn26 236658 

conn1 236648 

conn16 236648 

conn8 236640 

conn1 236643 

conn11 236643 

conn2 236653 

conn21 236653 

conn1 236646 

conn14 236646 

conn5 236637 

conn1 236644 

conn12 236644 

conn8 236640 

conn1 236645 

conn13 236645 

conn1 236647 

conn15 236647 

conn2 236660 

conn28 236660 

conn2 236660 

conn28 236660 

conn9 253250 

conn9 253250 

conn2 253268 

conn27 253268 

conn9 253250 

conn2 253269 

conn28 253269 

conn3 253272 

conn31 253272 

conn2 253268 

conn27 253268 

conn3 253271 

conn30 253271 

conn1 253260 

conn19 253260 

conn8 253249 

conn2 253243 

conn2 253264 

conn23 253264 

conn1 253258 

conn17 253258 

conn2 253269 

conn28 253269 

conn7 253248 

conn2 253262 

conn21 253262 

conn5 253246 

conn1 253253 

conn12 253253 

conn3 253272 

conn31 253272 

conn1 253259 

conn18 253259 

conn2 253268 

conn27 253268 

conn3 253271 

conn30 253271 

conn1 253253 

conn12 253253 

conn3 253244 

conn3 253273 

conn32 253273 

conn2 253243 

conn1 253251 

conn10 253251 

[report] load_overall_duration_ns : 600000000000.000000
[report] load_overall_duration_s : 600.000000
[report] load_overall_throughput : 70499.781667
[report] load_overall_average_latency_ns : 14184.441091
