numactl --membind=0 /home/wjxt/gxr/testMongoDB/build//run_clients --num_threads=8 --core_binding=0,0,1,2,3,4,5,6,7,8,9,10,11,24,25,26,27,28,29,30,31,32,33,34,35,12,13,14,15,16,17,18,19,20,21,22,23,36,37,38,39,40,41,42,43,44,45,46,47 --str_key_size=8 --str_value_size=100 --URI_set=mongodb://172.20.208.111:27017,mongodb://172.20.208.111:27018,mongodb://172.20.208.111:27019,mongodb://172.20.208.111:27020,mongodb://172.20.208.111:27021,mongodb://172.20.208.111:27022,mongodb://172.20.208.111:27023,mongodb://172.20.208.111:27024,mongodb://172.20.208.111:27025,mongodb://172.20.208.111:27026,mongodb://172.20.208.111:27027,mongodb://172.20.208.111:27028,mongodb://172.20.208.111:27029,mongodb://172.20.208.111:27030,mongodb://172.20.208.111:27031,mongodb://172.20.208.111:27032,mongodb://172.20.208.111:27033,mongodb://172.20.208.111:27034,mongodb://172.20.208.111:27035,mongodb://172.20.208.111:27036,mongodb://172.20.208.111:27037,mongodb://172.20.208.111:27038,mongodb://172.20.208.111:27039,mongodb://172.20.208.111:27040,mongodb://172.20.208.111:27041,mongodb://172.20.208.111:27042,mongodb://172.20.208.111:27043,mongodb://172.20.208.111:27044,mongodb://172.20.208.111:27045,mongodb://172.20.208.111:27046,mongodb://172.20.208.111:27047,mongodb://172.20.208.111:27048,mongodb://172.20.208.111:27049,mongodb://172.20.208.111:27050,mongodb://172.20.208.111:27051,mongodb://172.20.208.111:27052,mongodb://172.20.208.111:27053,mongodb://172.20.208.111:27054,mongodb://172.20.208.111:27055,mongodb://172.20.208.111:27056,mongodb://172.20.208.111:27057,mongodb://172.20.208.111:27058,mongodb://172.20.208.111:27059,mongodb://172.20.208.111:27060,mongodb://172.20.208.111:27061,mongodb://172.20.208.111:27062,mongodb://172.20.208.111:27063,mongodb://172.20.208.111:27064 --URI=mongodb://172.20.208.111:27017 --time_interval=600 --pid=270642 --first_mode=true
[sudo] gxr 的密码： conn1 conn2 conn3 conn4 conn5 conn6 conn7 conn8
['conn1', 'conn2', 'conn3', 'conn4', 'conn5', 'conn6', 'conn7', 'conn8']
conn2 269929 

conn1 269928 

conn4 269931 

conn2 269929 

conn4 269931 

conn1 269928 

conn4 269931 

conn2 269929 

conn4 269931 

conn4 269931 

conn2 269929 

conn1 269928 

conn1 269928 

conn1 269928 

conn2 269929 

conn2 269929 

conn2 269929 

conn1 269928 

conn4 269931 

conn1 269928 

conn1 269928 

conn4 269931 

conn2 269929 

conn4 269931 

conn2 269929 

conn1 269928 

conn4 269931 

conn4 269931 

conn4 270702 

conn8 270706 

conn4 270702 

conn3 270701 

conn2 270700 

conn5 270703 

conn8 270706 

conn4 270702 

conn7 270705 

conn1 270699 

conn4 270702 

conn5 270703 

conn7 270705 

conn2 270700 

conn6 270704 

conn8 270706 

conn3 270701 

conn7 270705 

conn4 270702 

conn4 270702 

conn4 270702 

conn1 270699 

conn2 270700 

conn8 270706 

conn6 270704 

conn1 270699 

conn1 270699 

conn7 270705 

conn8 270706 

conn5 270703 

conn7 270705 

conn1 270699 

conn5 270703 

conn2 270700 

conn4 270702 

conn4 270702 

conn3 270701 

conn2 270700 

conn8 270706 

conn5 270703 

conn5 270703 

conn2 270700 

conn6 270704 

conn3 270701 

conn5 270703 

conn4 270702 

conn1 270699 

conn8 270706 

conn8 270706 

conn2 270700 

conn4 270702 

conn4 270702 

conn1 270699 

conn8 270706 

conn5 270703 

conn1 270699 

conn8 270706 

conn5 270703 

conn2 270700 

conn2 270700 

conn8 270706 

conn6 270704 

conn3 270701 

conn6 270704 

conn8 270706 

conn1 270699 

conn5 270703 

conn7 270705 

conn3 270701 

conn5 270703 

conn3 270701 

conn4 270702 

conn2 270700 

conn1 270699 

conn8 270706 

conn8 270706 

conn5 270703 

conn3 270701 

conn3 270701 

conn1 270699 

conn6 270704 

conn5 270703 

conn8 270706 

conn7 270705 

conn2 270700 

conn6 270704 

conn6 270704 

conn7 270705 

conn8 270706 

conn1 270699 

conn5 270703 

conn6 270704 

conn2 270700 

conn3 270701 

conn1 270699 

conn6 270704 

conn6 270704 

conn1 270699 

conn1 270699 

conn3 270701 

conn5 270703 

conn8 270706 

conn7 270705 

conn1 270699 

conn8 270706 

conn6 270704 

conn7 270705 

conn2 270700 

conn2 270700 

conn4 270702 

conn6 270704 

conn7 270705 

conn4 270702 

conn1 270699 

conn4 270702 

conn2 270700 

conn8 270706 

conn1 270699 

conn7 270705 

conn8 270706 

conn7 270705 

conn4 270702 

conn2 270700 

conn7 270705 

conn5 270703 

conn4 270702 

[report] load_overall_duration_ns : 600000000000.000000
[report] load_overall_duration_s : 600.000000
[report] load_overall_throughput : 22088.756667
[report] load_overall_average_latency_ns : 45271.900772
