numactl --membind=0 /home/wjxt/gxr/testMongoDB/build//run_clients --num_threads=20 --core_binding=0,0,1,2,3,4,5,6,7,8,9,10,11,24,25,26,27,28,29,30,31,32,33,34,35,12,13,14,15,16,17,18,19,20,21,22,23,36,37,38,39,40,41,42,43,44,45,46,47 --str_key_size=8 --str_value_size=100 --URI_set=mongodb://172.20.208.111:27017,mongodb://172.20.208.111:27018,mongodb://172.20.208.111:27019,mongodb://172.20.208.111:27020,mongodb://172.20.208.111:27021,mongodb://172.20.208.111:27022,mongodb://172.20.208.111:27023,mongodb://172.20.208.111:27024,mongodb://172.20.208.111:27025,mongodb://172.20.208.111:27026,mongodb://172.20.208.111:27027,mongodb://172.20.208.111:27028,mongodb://172.20.208.111:27029,mongodb://172.20.208.111:27030,mongodb://172.20.208.111:27031,mongodb://172.20.208.111:27032,mongodb://172.20.208.111:27033,mongodb://172.20.208.111:27034,mongodb://172.20.208.111:27035,mongodb://172.20.208.111:27036,mongodb://172.20.208.111:27037,mongodb://172.20.208.111:27038,mongodb://172.20.208.111:27039,mongodb://172.20.208.111:27040,mongodb://172.20.208.111:27041,mongodb://172.20.208.111:27042,mongodb://172.20.208.111:27043,mongodb://172.20.208.111:27044,mongodb://172.20.208.111:27045,mongodb://172.20.208.111:27046,mongodb://172.20.208.111:27047,mongodb://172.20.208.111:27048,mongodb://172.20.208.111:27049,mongodb://172.20.208.111:27050,mongodb://172.20.208.111:27051,mongodb://172.20.208.111:27052,mongodb://172.20.208.111:27053,mongodb://172.20.208.111:27054,mongodb://172.20.208.111:27055,mongodb://172.20.208.111:27056,mongodb://172.20.208.111:27057,mongodb://172.20.208.111:27058,mongodb://172.20.208.111:27059,mongodb://172.20.208.111:27060,mongodb://172.20.208.111:27061,mongodb://172.20.208.111:27062,mongodb://172.20.208.111:27063,mongodb://172.20.208.111:27064 --URI=mongodb://172.20.208.111:27017 --time_interval=600 --pid=273768 --first_mode=true
[sudo] gxr 的密码： conn1 conn2 conn3 conn4 conn5 conn6 conn7 conn8 conn9 conn10 conn11 conn12 conn13 conn14 conn15 conn16 conn17 conn18 conn19 conn20
['conn1', 'conn2', 'conn3', 'conn4', 'conn5', 'conn6', 'conn7', 'conn8', 'conn9', 'conn10', 'conn11', 'conn12', 'conn13', 'conn14', 'conn15', 'conn16', 'conn17', 'conn18', 'conn19', 'conn20']
conn1 272571 

conn1 272585 

conn15 272585 

conn3 272573 

conn1 272582 

conn12 272582 

conn1 272581 

conn11 272581 

conn3 272573 

conn1 272586 

conn16 272586 

conn2 272572 

conn7 272577 

conn1 272571 

conn8 272578 

conn1 272585 

conn15 272585 

conn1 272584 

conn14 272584 

conn1 272582 

conn12 272582 

conn1 272581 

conn11 272581 

conn8 272578 

conn9 272579 

conn1 272582 

conn12 272582 

conn1 272580 

conn10 272580 

conn1 272582 

conn12 272582 

conn1 272586 

conn16 272586 

conn3 272573 

conn1 272580 

conn10 272580 

conn2 272572 

conn1 272571 

conn1 272581 

conn11 272581 

conn9 272579 

conn1 272580 

conn10 272580 

conn7 272577 

conn5 272575 

conn1 272585 

conn15 272585 

conn5 272575 

conn1 272571 

conn7 272577 

conn1 272585 

conn15 272585 

conn1 272571 

conn1 272581 

conn11 272581 

conn1 272571 

conn6 272576 

conn2 272572 

conn2 272572 

conn1 272571 

conn1 272580 

conn10 272580 

conn8 272578 

conn5 272575 

conn7 272577 

conn1 272580 

conn10 272580 

conn1 272586 

conn16 272586 

conn1 272585 

conn15 272585 

conn1 272582 

conn12 272582 

conn8 272578 

conn8 272578 

conn1 272571 

conn5 272575 

conn6 272576 

conn7 272577 

conn1 272585 

conn15 272585 

conn8 272578 

conn7 272577 

conn5 272575 

conn2 272572 

conn1 272580 

conn10 272580 

conn3 272573 

conn1 272586 

conn16 272586 

conn1 272571 

conn1 272585 

conn15 272585 

conn9 272579 

conn8 272578 

conn1 272586 

conn16 272586 

conn8 272578 

conn6 272576 

conn6 272576 

conn9 272579 

conn1 272584 

conn14 272584 

conn9 272579 

conn3 272573 

conn1 272584 

conn14 272584 

conn1 272581 

conn11 272581 

conn1 272585 

conn15 272585 

conn7 272577 

conn1 272586 

conn16 272586 

conn3 272573 

conn2 272572 

conn8 272578 

conn9 272579 

conn1 272585 

conn15 272585 

conn1 272582 

conn12 272582 

conn1 272585 

conn15 272585 

conn6 272576 

conn5 272575 

conn2 272572 

conn3 272573 

conn1 272580 

conn10 272580 

conn1 272585 

conn15 272585 

conn7 272577 

conn8 272578 

conn2 272572 

conn8 272578 

conn3 272573 

conn9 272579 

conn1 272586 

conn16 272586 

conn1 272582 

conn12 272582 

conn1 272584 

conn14 272584 

conn2 272572 

conn6 272576 

conn1 272582 

conn12 272582 

conn9 272579 

conn1 272580 

conn10 272580 

conn1 272571 

conn1 272582 

conn12 272582 

conn5 272575 

conn1 272571 

conn7 272577 

conn5 272575 

conn1 272586 

conn16 272586 

conn1 272580 

conn10 272580 

conn1 272584 

conn14 272584 

conn2 272572 

conn6 272576 

conn1 272585 

conn15 272585 

conn7 272577 

conn9 272579 

conn9 272579 

conn8 272578 

conn1 272580 

conn10 272580 

conn1 272584 

conn14 272584 

conn1 272581 

conn11 272581 

conn9 272579 

conn1 272580 

conn10 272580 

conn9 272579 

conn1 272585 

conn15 272585 

conn1 272580 

conn10 272580 

conn5 272575 

conn1 272586 

conn16 272586 

conn1 272571 

conn2 272572 

conn1 272584 

conn14 272584 

conn1 272581 

conn11 272581 

conn1 272585 

conn15 272585 

conn1 272585 

conn15 272585 

conn1 272585 

conn15 272585 

conn1 272585 

conn15 272585 

conn1 272585 

conn15 272585 

conn6 272576 

conn5 272575 

conn1 272580 

conn10 272580 

conn7 272577 

conn6 272576 

conn2 272572 

conn8 272578 

conn9 272579 

conn1 272586 

conn16 272586 

conn1 272582 

conn12 272582 

conn9 272579 

conn1 272580 

conn10 272580 

conn6 272576 

conn8 272578 

conn1 272571 

conn1 272584 

conn14 272584 

conn5 272575 

conn1 272584 

conn14 272584 

conn7 272577 

conn7 272577 

conn1 272580 

conn10 272580 

conn1 272586 

conn16 272586 

conn8 272578 

conn1 272571 

conn8 272578 

conn1 272571 

conn7 272577 

conn1 272571 

conn5 272575 

conn2 272572 

conn1 272571 

conn7 272577 

conn3 272573 

conn1 272584 

conn14 272584 

conn7 272577 

conn6 272576 

conn1 272581 

conn11 272581 

conn5 272575 

conn6 272576 

conn1 272571 

conn3 272573 

conn6 272576 

conn9 272579 

conn9 272579 

conn1 272582 

conn12 272582 

conn9 272579 

conn7 272577 

conn1 272582 

conn12 272582 

conn1 272585 

conn15 272585 

conn7 272577 

conn1 272582 

conn12 272582 

conn1 272580 

conn10 272580 

conn8 272578 

conn5 272575 

conn1 272571 

conn1 272571 

conn1 272571 

conn1 272585 

conn15 272585 

conn1 272584 

conn14 272584 

conn1 272584 

conn14 272584 

conn1 272585 

conn15 272585 

conn3 272573 

conn5 272575 

conn5 272575 

conn1 272582 

conn12 272582 

conn7 272577 

conn5 272575 

conn1 272582 

conn12 272582 

conn1 272571 

conn8 272578 

conn1 272586 

conn16 272586 

conn3 272573 

conn1 272571 

conn1 272582 

conn12 272582 

conn5 272575 

conn1 272584 

conn14 272584 

conn1 272571 

conn3 272573 

conn5 272575 

conn1 272571 

conn1 272585 

conn15 272585 

conn8 272578 

conn7 272577 

conn1 272571 

conn1 272585 

conn15 272585 

conn1 272571 

conn8 272578 

conn7 272577 

conn5 272575 

conn7 272577 

conn1 272586 

conn16 272586 

conn5 272575 

conn7 272577 

conn9 272579 

conn6 272576 

conn3 272573 

conn1 272582 

conn12 272582 

conn1 272586 

conn16 272586 

conn9 272579 

conn3 272573 

conn8 272578 

conn1 272586 

conn16 272586 

conn1 272571 

conn6 272576 

conn1 272585 

conn15 272585 

conn1 272571 

conn1 272584 

conn14 272584 

conn1 272586 

conn16 272586 

conn9 272579 

conn1 272581 

conn11 272581 

conn7 272577 

conn1 272571 

conn5 272575 

conn7 272577 

conn8 272578 

conn1 272580 

conn10 272580 

conn1 272586 

conn16 272586 

conn1 272581 

conn11 272581 

conn7 272577 

conn3 272573 

conn1 272580 

conn10 272580 

conn7 272577 

conn1 272584 

conn14 272584 

conn5 272575 

conn1 272584 

conn14 272584 

conn2 272572 

conn6 272576 

conn1 272571 

conn1 272582 

conn12 272582 

conn2 272572 

conn1 272581 

conn11 272581 

conn8 272578 

conn1 272586 

conn16 272586 

conn1 272571 

conn9 272579 

conn7 272577 

conn1 272585 

conn15 272585 

conn1 272580 

conn10 272580 

conn3 272573 

conn2 272572 

conn1 272582 

conn12 272582 

conn5 272575 

conn1 272584 

conn14 272584 

conn1 272581 

conn11 272581 

conn2 272572 

conn1 272585 

conn15 272585 

conn9 272579 

conn2 272572 

conn6 272576 

conn5 272575 

conn6 272576 

conn1 272581 

conn11 272581 

conn7 272577 

conn7 272577 

conn1 272585 

conn15 272585 

conn6 272576 

conn1 272580 

conn10 272580 

conn7 272577 

conn1 272586 

conn16 272586 

conn3 272573 

conn5 272575 

conn1 272581 

conn11 272581 

conn3 272573 

conn7 272577 

conn1 272585 

conn15 272585 

conn6 272576 

conn8 272578 

conn9 272579 

conn1 272581 

conn11 272581 

conn1 272585 

conn15 272585 

conn1 272586 

conn16 272586 

conn1 272585 

conn15 272585 

conn7 272577 

conn1 272584 

conn14 272584 

conn1 272571 

conn1 272580 

conn10 272580 

conn1 272584 

conn14 272584 

conn9 272579 

conn1 272581 

conn11 272581 

conn1 272584 

conn14 272584 

conn3 272573 

conn2 272572 

conn1 272585 

conn15 272585 

conn1 272585 

conn15 272585 

conn2 272572 

conn7 272577 

conn1 272585 

conn15 272585 

conn9 272579 

conn1 272582 

conn12 272582 

conn5 272575 

conn6 272576 

conn2 272572 

conn1 272571 

conn6 272576 

conn3 272573 

conn8 272578 

conn1 272582 

conn12 272582 

conn8 272578 

conn1 272582 

conn12 272582 

conn1 272582 

conn12 272582 

conn3 272573 

conn1 272586 

conn16 272586 

conn1 272585 

conn15 272585 

conn2 272572 

conn1 272580 

conn10 272580 

conn7 272577 

conn9 272579 

conn1 272582 

conn12 272582 

conn1 272586 

conn16 272586 

conn7 272577 

conn8 272578 

conn1 272582 

conn12 272582 

conn2 272572 

conn1 272580 

conn10 272580 

conn9 272579 

conn1 272584 

conn14 272584 

conn5 272575 

conn1 272571 

conn3 272573 

conn1 272580 

conn10 272580 

conn1 272571 

conn7 272577 

conn2 272572 

conn5 272575 

conn1 272580 

conn10 272580 

conn1 272585 

conn15 272585 

conn7 272577 

conn1 272581 

conn11 272581 

conn1 272582 

conn12 272582 

conn2 272572 

conn1 272580 

conn10 272580 

conn1 272585 

conn15 272585 

conn3 272573 

conn1 272586 

conn16 272586 

conn1 272571 

conn5 272575 

conn6 272576 

conn1 272586 

conn16 272586 

conn7 272577 

conn2 272572 

conn7 272577 

conn1 272580 

conn10 272580 

conn1 272580 

conn10 272580 

conn1 272582 

conn12 272582 

conn1 272585 

conn15 272585 

conn9 272579 

conn1 272586 

conn16 272586 

conn7 272577 

conn9 272579 

conn1 272582 

conn12 272582 

conn1 272571 

conn1 272580 

conn10 272580 

conn2 272572 

conn7 272577 

conn1 272584 

conn14 272584 

conn2 272572 

conn1 272585 

conn15 272585 

conn5 272575 

conn1 272582 

conn12 272582 

conn2 272572 

conn1 272571 

conn3 272573 

conn7 272577 

conn1 272585 

conn15 272585 

conn1 272571 

conn1 272571 

conn7 272577 

conn1 272571 

conn7 272577 

conn1 272571 

conn2 272572 

conn2 272572 

conn1 272586 

conn16 272586 

conn1 272582 

conn12 272582 

conn1 272580 

conn10 272580 

conn1 272584 

conn14 272584 

conn1 272582 

conn12 272582 

conn8 272578 

conn9 272579 

conn6 272576 

conn8 272578 

conn1 272586 

conn16 272586 

conn3 272573 

conn1 272571 

conn1 272586 

conn16 272586 

conn5 272575 

conn1 272585 

conn15 272585 

conn1 272580 

conn10 272580 

conn8 272578 

conn1 272582 

conn12 272582 

conn1 272584 

conn14 272584 

conn1 272582 

conn12 272582 

conn7 272577 

conn6 272576 

conn5 272575 

conn3 272573 

conn2 272572 

conn1 272581 

conn11 272581 

conn1 272584 

conn14 272584 

conn1 272582 

conn12 272582 

conn7 272577 

conn1 272581 

conn11 272581 

conn8 272578 

conn1 273830 

conn1 273844 

conn15 273844 

conn1 273848 

conn19 273848 

conn3 273832 

conn1 273839 

conn10 273839 

conn1 273830 

conn7 273836 

conn2 273831 

conn6 273835 

conn8 273837 

conn7 273836 

conn8 273837 

conn9 273838 

conn4 273833 

conn1 273848 

conn19 273848 

conn1 273845 

conn16 273845 

conn2 273849 

conn20 273849 

conn1 273841 

conn12 273841 

conn3 273832 

conn1 273840 

conn11 273840 

conn1 273846 

conn17 273846 

conn1 273844 

conn15 273844 

conn1 273842 

conn13 273842 

conn5 273834 

conn1 273848 

conn19 273848 

conn2 273831 

conn3 273832 

conn1 273847 

conn18 273847 

conn1 273846 

conn17 273846 

conn1 273830 

conn1 273844 

conn15 273844 

conn1 273842 

conn13 273842 

conn7 273836 

conn6 273835 

conn2 273849 

conn20 273849 

conn6 273835 

conn1 273839 

conn10 273839 

conn1 273830 

conn7 273836 

conn2 273831 

conn6 273835 

conn1 273843 

conn14 273843 

conn1 273848 

conn19 273848 

conn4 273833 

conn8 273837 

conn9 273838 

conn1 273845 

conn16 273845 

conn2 273849 

conn20 273849 

conn1 273847 

conn18 273847 

conn3 273832 

conn1 273841 

conn12 273841 

conn1 273840 

conn11 273840 

conn1 273846 

conn17 273846 

conn5 273834 

conn8 273837 

conn1 273841 

conn12 273841 

conn1 273839 

conn10 273839 

conn1 273830 

conn7 273836 

conn6 273835 

conn2 273831 

conn4 273833 

conn1 273848 

conn19 273848 

conn4 273833 

conn8 273837 

conn1 273845 

conn16 273845 

conn2 273849 

conn20 273849 

conn9 273838 

conn3 273832 

conn1 273841 

conn12 273841 

conn1 273846 

conn17 273846 

conn1 273840 

conn11 273840 

conn1 273843 

conn14 273843 

conn5 273834 

conn1 273842 

conn13 273842 

conn2 273849 

conn20 273849 

conn6 273835 

conn1 273846 

conn17 273846 

conn1 273844 

conn15 273844 

conn1 273847 

conn18 273847 

conn2 273849 

conn20 273849 

conn7 273836 

conn1 273843 

conn14 273843 

conn1 273841 

conn12 273841 

conn1 273847 

conn18 273847 

conn1 273846 

conn17 273846 

conn1 273839 

conn10 273839 

conn1 273830 

conn1 273839 

conn10 273839 

conn7 273836 

conn6 273835 

conn1 273844 

conn15 273844 

conn2 273831 

conn1 273848 

conn19 273848 

conn1 273845 

conn16 273845 

conn4 273833 

conn2 273849 

conn20 273849 

conn8 273837 

conn1 273847 

conn18 273847 

conn9 273838 

conn4 273833 

conn5 273834 

conn1 273840 

conn11 273840 

conn1 273841 

conn12 273841 

conn1 273846 

conn17 273846 

conn3 273832 

conn5 273834 

conn1 273843 

conn14 273843 

conn1 273839 

conn10 273839 

conn1 273830 

conn7 273836 

conn6 273835 

conn2 273831 

conn4 273833 

conn1 273848 

conn19 273848 

conn1 273845 

conn16 273845 

conn4 273833 

conn2 273849 

conn20 273849 

conn8 273837 

conn9 273838 

conn1 273841 

conn12 273841 

conn1 273840 

conn11 273840 

conn1 273846 

conn17 273846 

conn3 273832 

conn1 273844 

conn15 273844 

conn5 273834 

conn1 273847 

conn18 273847 

conn7 273836 

conn1 273847 

conn18 273847 

conn1 273844 

conn15 273844 

conn1 273842 

conn13 273842 

conn1 273839 

conn10 273839 

conn6 273835 

conn1 273840 

conn11 273840 

conn1 273844 

conn15 273844 

conn1 273847 

conn18 273847 

conn7 273836 

conn1 273839 

conn10 273839 

conn1 273839 

conn10 273839 

conn1 273830 

conn1 273843 

conn14 273843 

conn6 273835 

conn7 273836 

conn1 273845 

conn16 273845 

conn2 273831 

conn1 273847 

conn18 273847 

conn1 273848 

conn19 273848 

conn2 273849 

conn20 273849 

conn9 273838 

conn8 273837 

conn4 273833 

conn1 273841 

conn12 273841 

conn3 273832 

conn1 273840 

conn11 273840 

conn1 273846 

conn17 273846 

conn1 273830 

conn5 273834 

conn2 273831 

conn1 273830 

conn1 273839 

conn10 273839 

conn6 273835 

conn7 273836 

conn5 273834 

conn6 273835 

conn1 273845 

conn16 273845 

conn1 273848 

conn19 273848 

conn9 273838 

conn2 273849 

conn20 273849 

conn2 273831 

conn4 273833 

conn8 273837 

conn1 273841 

conn12 273841 

conn3 273832 

conn1 273840 

conn11 273840 

conn1 273846 

conn17 273846 

conn1 273843 

conn14 273843 

conn5 273834 

conn1 273842 

conn13 273842 

conn3 273832 

conn1 273843 

conn14 273843 

conn1 273842 

conn13 273842 

conn1 273830 

conn1 273846 

conn17 273846 

conn1 273830 

conn2 273849 

conn20 273849 

conn1 273830 

conn1 273843 

conn14 273843 

conn1 273847 

conn18 273847 

conn1 273839 

conn10 273839 

conn4 273833 

conn1 273843 

conn14 273843 

conn6 273835 

conn7 273836 

conn1 273847 

conn18 273847 

conn1 273847 

conn18 273847 

conn1 273845 

conn16 273845 

conn9 273838 

conn2 273849 

conn20 273849 

conn1 273848 

conn19 273848 

conn4 273833 

conn2 273831 

conn8 273837 

conn1 273841 

conn12 273841 

conn3 273832 

conn1 273840 

conn11 273840 

conn1 273846 

conn17 273846 

conn5 273834 

conn1 273844 

conn15 273844 

conn6 273835 

conn1 273847 

conn18 273847 

conn1 273830 

conn1 273839 

conn10 273839 

conn6 273835 

conn7 273836 

conn1 273844 

conn15 273844 

conn4 273833 

conn1 273845 

conn16 273845 

conn2 273849 

conn20 273849 

conn1 273848 

conn19 273848 

conn9 273838 

conn4 273833 

conn2 273831 

conn8 273837 

conn1 273841 

conn12 273841 

conn3 273832 

conn1 273841 

conn12 273841 

conn1 273840 

conn11 273840 

conn1 273846 

conn17 273846 

conn5 273834 

conn1 273847 

conn18 273847 

[report] load_overall_duration_ns : 600000000000.000000
[report] load_overall_duration_s : 600.000000
[report] load_overall_throughput : 59415.228333
[report] load_overall_average_latency_ns : 16830.701961
