numactl --membind=0 /home/wjxt/gxr/testMongoDB/build//run_clients --num_threads=24 --core_binding=0,0,1,2,3,4,5,6,7,8,9,10,11,24,25,26,27,28,29,30,31,32,33,34,35,12,13,14,15,16,17,18,19,20,21,22,23,36,37,38,39,40,41,42,43,44,45,46,47 --str_key_size=8 --str_value_size=100 --URI_set=mongodb://172.20.208.111:27017,mongodb://172.20.208.111:27018,mongodb://172.20.208.111:27019,mongodb://172.20.208.111:27020,mongodb://172.20.208.111:27021,mongodb://172.20.208.111:27022,mongodb://172.20.208.111:27023,mongodb://172.20.208.111:27024,mongodb://172.20.208.111:27025,mongodb://172.20.208.111:27026,mongodb://172.20.208.111:27027,mongodb://172.20.208.111:27028,mongodb://172.20.208.111:27029,mongodb://172.20.208.111:27030,mongodb://172.20.208.111:27031,mongodb://172.20.208.111:27032,mongodb://172.20.208.111:27033,mongodb://172.20.208.111:27034,mongodb://172.20.208.111:27035,mongodb://172.20.208.111:27036,mongodb://172.20.208.111:27037,mongodb://172.20.208.111:27038,mongodb://172.20.208.111:27039,mongodb://172.20.208.111:27040,mongodb://172.20.208.111:27041,mongodb://172.20.208.111:27042,mongodb://172.20.208.111:27043,mongodb://172.20.208.111:27044,mongodb://172.20.208.111:27045,mongodb://172.20.208.111:27046,mongodb://172.20.208.111:27047,mongodb://172.20.208.111:27048,mongodb://172.20.208.111:27049,mongodb://172.20.208.111:27050,mongodb://172.20.208.111:27051,mongodb://172.20.208.111:27052,mongodb://172.20.208.111:27053,mongodb://172.20.208.111:27054,mongodb://172.20.208.111:27055,mongodb://172.20.208.111:27056,mongodb://172.20.208.111:27057,mongodb://172.20.208.111:27058,mongodb://172.20.208.111:27059,mongodb://172.20.208.111:27060,mongodb://172.20.208.111:27061,mongodb://172.20.208.111:27062,mongodb://172.20.208.111:27063,mongodb://172.20.208.111:27064 --URI=mongodb://172.20.208.111:27017 --time_interval=600 --pid=275152 --first_mode=true
[sudo] gxr 的密码： conn1 conn2 conn3 conn4 conn5 conn6 conn7 conn8 conn9 conn10 conn11 conn12 conn13 conn14 conn15 conn16 conn17 conn18 conn19 conn20 conn21 conn22 conn23 conn24
['conn1', 'conn2', 'conn3', 'conn4', 'conn5', 'conn6', 'conn7', 'conn8', 'conn9', 'conn10', 'conn11', 'conn12', 'conn13', 'conn14', 'conn15', 'conn16', 'conn17', 'conn18', 'conn19', 'conn20', 'conn21', 'conn22', 'conn23', 'conn24']
conn1 273844 

conn15 273844 

conn1 273842 

conn13 273842 

conn1 273848 

conn19 273848 

conn6 273835 

conn1 273843 

conn14 273843 

conn5 273834 

conn6 273835 

conn3 273832 

conn1 273830 

conn1 273839 

conn10 273839 

conn7 273836 

conn1 273845 

conn16 273845 

conn1 273844 

conn15 273844 

conn6 273835 

conn1 273847 

conn18 273847 

conn3 273832 

conn1 273844 

conn15 273844 

conn1 273847 

conn18 273847 

conn4 273833 

conn2 273849 

conn20 273849 

conn1 273841 

conn12 273841 

conn8 273837 

conn3 273832 

conn1 273848 

conn19 273848 

conn9 273838 

conn2 273831 

conn1 273846 

conn17 273846 

conn1 273840 

conn11 273840 

conn1 273846 

conn17 273846 

conn5 273834 

conn4 273833 

conn2 273831 

conn8 273837 

conn1 273830 

conn1 273839 

conn10 273839 

conn6 273835 

conn7 273836 

conn7 273836 

conn4 273833 

conn1 273845 

conn16 273845 

conn1 273841 

conn12 273841 

conn4 273833 

conn8 273837 

conn3 273832 

conn2 273849 

conn20 273849 

conn2 273831 

conn1 273848 

conn19 273848 

conn9 273838 

conn1 273840 

conn11 273840 

conn1 273844 

conn15 273844 

conn1 273847 

conn18 273847 

conn1 273846 

conn17 273846 

conn5 273834 

conn1 273843 

conn14 273843 

conn1 273847 

conn18 273847 

conn7 273836 

conn1 273839 

conn10 273839 

conn6 273835 

conn1 273847 

conn18 273847 

conn1 273830 

conn1 273839 

conn10 273839 

conn1 273844 

conn15 273844 

conn7 273836 

conn6 273835 

conn1 273845 

conn16 273845 

conn1 273847 

conn18 273847 

conn1 273844 

conn15 273844 

conn6 273835 

conn1 273841 

conn12 273841 

conn3 273832 

conn4 273833 

conn8 273837 

conn2 273831 

conn2 273849 

conn20 273849 

conn1 273848 

conn19 273848 

conn9 273838 

conn1 273847 

conn18 273847 

conn1 273840 

conn11 273840 

conn1 273843 

conn14 273843 

conn1 273846 

conn17 273846 

conn5 273834 

conn1 273839 

conn10 273839 

conn6 273835 

conn1 273843 

conn14 273843 

conn1 273845 

conn16 273845 

conn7 273836 

conn1 273839 

conn10 273839 

conn2 273831 

conn1 273848 

conn19 273848 

conn1 273830 

conn1 273843 

conn14 273843 

conn6 273835 

conn7 273836 

conn6 273835 

conn1 273841 

conn12 273841 

conn1 273845 

conn16 273845 

conn3 273832 

conn4 273833 

conn2 273831 

conn2 273849 

conn20 273849 

conn8 273837 

conn1 273848 

conn19 273848 

conn9 273838 

conn1 273840 

conn11 273840 

conn5 273834 

conn1 273846 

conn17 273846 

conn1 273843 

conn14 273843 

conn1 273847 

conn18 273847 

conn1 273844 

conn15 273844 

conn1 273844 

conn15 273844 

conn1 273842 

conn13 273842 

conn2 273831 

conn1 273839 

conn10 273839 

conn1 273839 

conn10 273839 

conn7 273836 

conn1 273830 

conn1 273839 

conn10 273839 

conn1 273845 

conn16 273845 

conn1 273841 

conn12 273841 

conn3 273832 

conn2 273831 

conn4 273833 

conn8 273837 

conn2 273849 

conn20 273849 

conn8 273837 

conn1 273848 

conn19 273848 

conn9 273838 

conn1 273840 

conn11 273840 

conn1 273846 

conn17 273846 

conn5 273834 

conn1 273842 

conn13 273842 

conn1 273843 

conn14 273843 

conn9 273838 

conn6 273835 

conn1 273844 

conn15 273844 

conn7 273836 

conn1 273847 

conn18 273847 

conn1 273845 

conn16 273845 

conn1 273845 

conn16 273845 

conn1 273846 

conn17 273846 

conn2 273831 

conn1 273830 

conn1 273839 

conn10 273839 

conn6 273835 

conn7 273836 

conn2 273849 

conn20 273849 

conn1 273841 

conn12 273841 

conn3 273832 

conn8 273837 

conn1 273845 

conn16 273845 

conn2 273831 

conn4 273833 

conn2 273849 

conn20 273849 

conn1 273848 

conn19 273848 

conn9 273838 

conn1 273840 

conn11 273840 

conn1 273843 

conn14 273843 

conn1 273846 

conn17 273846 

conn5 273834 

conn1 273843 

conn14 273843 

conn1 273847 

conn18 273847 

conn8 273837 

conn1 273843 

conn14 273843 

conn1 273842 

conn13 273842 

conn1 273839 

conn10 273839 

conn1 273830 

conn1 273839 

conn10 273839 

conn4 273833 

conn1 273844 

conn15 273844 

conn1 273841 

conn12 273841 

conn3 273832 

conn8 273837 

conn2 273831 

conn4 273833 

conn2 273849 

conn20 273849 

conn1 273848 

conn19 273848 

conn1 273840 

conn11 273840 

conn9 273838 

conn1 273839 

conn10 273839 

conn1 273846 

conn17 273846 

conn4 273833 

conn5 273834 

conn6 273835 

conn7 273836 

conn1 273844 

conn15 273844 

conn1 273847 

conn18 273847 

conn1 273847 

conn18 273847 

conn1 273841 

conn12 273841 

conn1 273844 

conn15 273844 

conn1 273845 

conn16 273845 

conn1 273842 

conn13 273842 

conn2 273831 

conn1 273830 

conn1 273839 

conn10 273839 

conn6 273835 

conn7 273836 

conn1 273839 

conn10 273839 

conn2 273831 

conn3 273832 

conn1 273841 

conn12 273841 

conn8 273837 

conn2 273831 

conn4 273833 

conn1 273845 

conn16 273845 

conn2 273849 

conn20 273849 

conn1 273848 

conn19 273848 

conn9 273838 

conn1 273840 

conn11 273840 

conn1 273846 

conn17 273846 

conn1 273844 

conn15 273844 

conn1 273847 

conn18 273847 

conn1 273846 

conn17 273846 

conn5 273834 

conn5 273834 

conn1 273847 

conn18 273847 

conn1 273843 

conn14 273843 

conn1 273830 

conn1 273840 

conn11 273840 

conn1 273830 

conn1 273839 

conn10 273839 

conn1 273839 

conn10 273839 

conn1 273841 

conn12 273841 

conn3 273832 

conn8 273837 

conn2 273831 

conn1 273839 

conn10 273839 

conn4 273833 

conn2 273849 

conn20 273849 

conn1 273848 

conn19 273848 

conn9 273838 

conn1 273840 

conn11 273840 

conn1 273846 

conn17 273846 

conn5 273834 

conn1 273848 

conn19 273848 

conn1 273841 

conn12 273841 

conn6 273835 

conn7 273836 

conn1 273843 

conn14 273843 

conn1 273842 

conn13 273842 

conn1 273845 

conn16 273845 

conn1 273848 

conn19 273848 

conn1 273842 

conn13 273842 

conn1 273844 

conn15 273844 

conn1 273848 

conn19 273848 

conn1 273847 

conn18 273847 

conn8 273837 

conn1 273830 

conn1 273839 

conn10 273839 

conn6 273835 

conn7 273836 

conn1 273841 

conn12 273841 

conn8 273837 

conn3 273832 

conn8 273837 

conn2 273831 

conn1 273842 

conn13 273842 

conn1 273844 

conn15 273844 

conn1 273845 

conn16 273845 

conn4 273833 

conn2 273849 

conn20 273849 

conn1 273848 

conn19 273848 

conn9 273838 

conn1 273840 

conn11 273840 

conn5 273834 

conn1 273848 

conn19 273848 

conn1 273842 

conn13 273842 

conn1 273843 

conn14 273843 

conn1 273840 

conn11 273840 

conn1 273839 

conn10 273839 

conn1 273830 

conn3 273832 

conn1 273848 

conn19 273848 

conn1 273841 

conn12 273841 

conn3 273832 

conn8 273837 

conn2 273831 

conn4 273833 

conn2 273849 

conn20 273849 

conn1 273848 

conn19 273848 

conn1 273843 

conn14 273843 

conn9 273838 

conn1 273840 

conn11 273840 

conn1 273846 

conn17 273846 

conn5 273834 

conn5 273834 

conn1 273841 

conn12 273841 

conn6 273835 

conn1 273847 

conn18 273847 

conn1 273844 

conn15 273844 

conn2 273849 

conn20 273849 

conn7 273836 

conn1 273845 

conn16 273845 

conn1 273839 

conn10 273839 

conn1 273842 

conn13 273842 

conn1 273844 

conn15 273844 

conn9 273838 

conn1 273846 

conn17 273846 

conn8 273837 

conn1 273839 

conn10 273839 

conn1 273830 

conn1 273847 

conn18 273847 

conn1 273843 

conn14 273843 

conn6 273835 

conn1 273841 

conn12 273841 

conn8 273837 

conn3 273832 

conn1 273846 

conn17 273846 

conn7 273836 

conn2 273831 

conn1 273842 

conn13 273842 

conn1 273845 

conn16 273845 

conn4 273833 

conn1 273848 

conn19 273848 

conn2 273849 

conn20 273849 

conn9 273838 

conn1 273840 

conn11 273840 

conn1 273846 

conn17 273846 

conn5 273834 

conn9 273838 

conn1 273842 

conn13 273842 

conn1 273839 

conn10 273839 

conn1 273840 

conn11 273840 

conn1 273830 

conn1 273843 

conn14 273843 

conn8 273837 

conn1 273841 

conn12 273841 

conn3 273832 

conn2 273831 

conn1 273847 

conn18 273847 

conn1 273847 

conn18 273847 

conn4 273833 

conn1 273848 

conn19 273848 

conn2 273849 

conn20 273849 

conn1 273840 

conn11 273840 

conn1 273848 

conn19 273848 

conn1 273846 

conn17 273846 

conn5 273834 

conn7 273836 

conn6 273835 

conn1 273843 

conn14 273843 

conn1 273842 

conn13 273842 

conn1 273845 

conn16 273845 

conn7 273836 

conn1 273839 

conn10 273839 

conn9 273838 

conn6 273835 

conn1 273847 

conn18 273847 

conn1 273843 

conn14 273843 

conn8 273837 

conn1 273845 

conn16 273845 

conn1 273846 

conn17 273846 

conn1 273843 

conn14 273843 

conn1 273847 

conn18 273847 

conn1 273839 

conn10 273839 

conn1 273830 

conn1 273841 

conn12 273841 

conn3 273832 

conn6 273835 

conn8 273837 

conn5 273834 

conn7 273836 

conn4 273833 

conn1 273845 

conn16 273845 

conn4 273833 

conn1 273848 

conn19 273848 

conn2 273849 

conn20 273849 

conn1 273840 

conn11 273840 

conn9 273838 

conn1 273846 

conn17 273846 

conn1 273839 

conn10 273839 

conn2 273849 

conn20 273849 

conn5 273834 

conn1 273830 

conn1 273841 

conn12 273841 

conn3 273832 

conn8 273837 

conn2 273831 

conn1 273847 

conn18 273847 

conn1 273848 

conn19 273848 

conn4 273833 

conn2 273849 

conn20 273849 

conn1 273840 

conn11 273840 

conn9 273838 

conn6 273835 

conn1 273846 

conn17 273846 

conn5 273834 

conn2 273831 

conn1 273830 

conn6 273835 

conn1 273842 

conn13 273842 

conn1 273845 

conn16 273845 

conn7 273836 

conn3 273832 

conn1 273843 

conn14 273843 

conn1 273839 

conn10 273839 

conn1 273845 

conn16 273845 

conn1 273843 

conn14 273843 

conn1 273847 

conn18 273847 

conn1 273843 

conn14 273843 

conn9 273838 

conn1 273847 

conn18 273847 

conn8 273837 

conn1 273839 

conn10 273839 

conn1 273830 

conn1 273841 

conn12 273841 

conn3 273832 

conn8 273837 

conn8 273837 

conn6 273835 

conn2 273831 

conn7 273836 

conn1 273845 

conn16 273845 

conn1 273839 

conn10 273839 

conn1 273848 

conn19 273848 

conn1 273830 

conn1 273840 

conn11 273840 

conn9 273838 

conn2 273849 

conn20 273849 

conn1 273843 

conn14 273843 

conn1 273846 

conn17 273846 

conn4 273833 

conn1 273841 

conn12 273841 

conn3 273832 

conn8 273837 

conn6 273835 

conn2 273831 

conn5 273834 

conn1 273848 

conn19 273848 

conn1 273840 

conn11 273840 

conn2 273849 

conn20 273849 

conn9 273838 

conn1 273843 

conn14 273843 

conn1 273846 

conn17 273846 

conn4 273833 

conn1 273848 

conn19 273848 

conn1 273847 

conn18 273847 

conn5 273834 

conn5 273834 

conn1 273844 

conn15 273844 

conn1 273842 

conn13 273842 

conn6 273835 

conn1 273845 

conn16 273845 

conn1 273842 

conn13 273842 

conn7 273836 

conn1 273843 

conn14 273843 

conn1 273847 

conn18 273847 

conn8 273837 

conn2 273831 

conn1 273843 

conn14 273843 

conn1 273847 

conn18 273847 

conn3 273832 

conn9 273838 

conn1 273844 

conn15 273844 

conn1 273847 

conn18 273847 

conn4 273833 

conn1 273839 

conn10 273839 

conn9 273838 

conn1 273839 

conn10 273839 

conn1 273841 

conn12 273841 

conn8 273837 

conn3 273832 

conn1 273830 

conn1 273843 

conn14 273843 

conn6 273835 

conn1 273830 

conn2 273831 

conn1 273847 

conn18 273847 

conn1 273841 

conn12 273841 

conn3 273832 

conn1 273845 

conn16 273845 

conn8 273837 

conn7 273836 

conn1 273848 

conn19 273848 

conn9 273838 

conn1 273840 

conn11 273840 

conn2 273831 

conn2 273849 

conn20 273849 

conn1 273846 

conn17 273846 

conn1 273848 

conn19 273848 

conn4 273833 

conn9 273838 

conn1 273840 

conn11 273840 

conn4 273833 

conn2 273849 

conn20 273849 

conn1 273846 

conn17 273846 

conn5 273834 

conn4 273833 

conn2 273849 

conn20 273849 

conn5 273834 

conn1 273843 

conn14 273843 

conn1 273842 

conn13 273842 

conn2 273831 

conn1 273843 

conn14 273843 

conn1 273842 

conn13 273842 

conn1 273845 

conn16 273845 

conn6 273835 

conn7 273836 

conn1 273839 

conn10 273839 

conn1 273839 

conn10 273839 

conn1 273845 

conn16 273845 

conn8 273837 

conn2 273849 

conn20 273849 

conn1 273842 

conn13 273842 

conn1 273844 

conn15 273844 

conn1 273842 

conn13 273842 

conn1 273843 

conn14 273843 

conn1 273839 

conn10 273839 

conn2 273831 

conn1 273847 

conn18 273847 

conn1 273839 

conn10 273839 

conn1 273839 

conn10 273839 

conn1 273830 

conn3 273832 

conn8 273837 

conn1 273841 

conn12 273841 

conn3 273832 

conn8 273837 

conn1 273841 

conn12 273841 

conn1 273830 

conn2 273831 

conn2 273831 

conn6 273835 

conn2 273831 

conn1 273845 

conn16 273845 

conn1 273848 

conn19 273848 

conn1 273848 

conn19 273848 

conn1 273830 

conn7 273836 

conn9 273838 

conn9 273838 

conn1 273840 

conn11 273840 

conn1 273840 

conn11 273840 

conn1 273846 

conn17 273846 

conn2 273849 

conn20 273849 

conn1 273846 

conn17 273846 

conn2 273849 

conn20 273849 

conn4 273833 

conn4 273833 

conn1 273840 

conn11 273840 

conn5 273834 

conn5 273834 

conn3 273832 

conn1 273844 

conn15 273844 

conn1 273842 

conn13 273842 

conn1 273845 

conn16 273845 

conn6 273835 

conn8 273837 

conn1 273844 

conn15 273844 

conn1 273847 

conn18 273847 

conn7 273836 

conn1 273843 

conn14 273843 

conn3 273832 

conn1 273839 

conn10 273839 

conn1 273830 

conn2 273849 

conn20 273849 

conn1 273844 

conn15 273844 

conn1 273842 

conn13 273842 

conn1 273844 

conn15 273844 

conn1 273842 

conn13 273842 

conn1 273843 

conn14 273843 

conn2 273849 

conn20 273849 

conn1 273843 

conn14 273843 

conn1 273839 

conn10 273839 

conn1 273846 

conn17 273846 

conn8 273837 

conn3 273832 

conn1 273839 

conn10 273839 

conn1 273841 

conn12 273841 

conn2 273831 

conn1 273848 

conn19 273848 

conn8 273837 

conn3 273832 

conn1 273830 

conn1 273841 

conn12 273841 

conn1 273830 

conn9 273838 

conn2 273849 

conn20 273849 

conn1 273840 

conn11 273840 

conn1 273846 

conn17 273846 

conn9 273838 

conn1 273845 

conn16 273845 

conn2 273831 

conn6 273835 

conn1 273848 

conn19 273848 

conn4 273833 

conn7 273836 

conn2 273849 

conn20 273849 

conn1 273840 

conn11 273840 

conn1 273846 

conn17 273846 

conn9 273838 

conn5 273834 

conn3 273832 

conn1 273844 

conn15 273844 

conn4 273833 

conn1 273847 

conn18 273847 

conn1 273845 

conn16 273845 

conn2 275221 

conn23 275221 

conn2 275221 

conn23 275221 

conn7 275205 

conn7 275205 

conn1 275210 

conn12 275210 

conn2 275200 

conn1 275199 

conn2 275219 

conn21 275219 

conn2 275200 

conn1 275215 

conn17 275215 

conn1 275214 

conn16 275214 

conn7 275205 

conn1 275208 

conn10 275208 

conn1 275209 

conn11 275209 

conn1 275213 

conn15 275213 

conn1 275216 

conn18 275216 

conn4 275202 

conn9 275207 

conn2 275218 

conn20 275218 

conn8 275206 

conn1 275210 

conn12 275210 

conn5 275203 

conn1 275212 

conn14 275212 

conn2 275220 

conn22 275220 

conn1 275217 

conn19 275217 

conn1 275214 

conn16 275214 

conn2 275222 

conn24 275222 

conn4 275202 

conn1 275211 

conn13 275211 

conn6 275204 

conn3 275201 

conn2 275219 

conn21 275219 

conn7 275205 

conn2 275221 

conn23 275221 

conn6 275204 

conn2 275221 

conn23 275221 

conn1 275209 

conn11 275209 

conn2 275221 

conn23 275221 

conn4 275202 

conn4 275202 

conn9 275207 

conn1 275215 

conn17 275215 

conn2 275200 

conn1 275211 

conn13 275211 

conn7 275205 

conn2 275222 

conn24 275222 

conn1 275214 

conn16 275214 

conn1 275210 

conn12 275210 

conn1 275199 

conn2 275222 

conn24 275222 

conn2 275219 

conn21 275219 

conn1 275215 

conn17 275215 

conn1 275209 

conn11 275209 

conn7 275205 

conn1 275208 

conn10 275208 

conn1 275213 

conn15 275213 

conn1 275216 

conn18 275216 

conn9 275207 

conn2 275218 

conn20 275218 

conn1 275210 

conn12 275210 

conn2 275218 

conn20 275218 

conn5 275203 

conn8 275206 

conn2 275220 

conn22 275220 

conn1 275212 

conn14 275212 

conn2 275218 

conn20 275218 

conn2 275218 

conn20 275218 

conn1 275217 

conn19 275217 

conn2 275222 

conn24 275222 

conn1 275214 

conn16 275214 

conn1 275199 

conn1 275211 

conn13 275211 

conn2 275221 

conn23 275221 

conn2 275219 

conn21 275219 

conn1 275215 

conn17 275215 

conn1 275209 

conn11 275209 

conn1 275213 

conn15 275213 

conn1 275208 

conn10 275208 

conn7 275205 

conn1 275216 

conn18 275216 

conn9 275207 

conn2 275218 

conn20 275218 

conn1 275210 

conn12 275210 

conn5 275203 

conn8 275206 

conn2 275220 

conn22 275220 

conn3 275201 

conn1 275212 

conn14 275212 

conn9 275207 

conn1 275217 

conn19 275217 

conn1 275214 

conn16 275214 

conn6 275204 

conn2 275221 

conn23 275221 

conn4 275202 

conn1 275211 

conn13 275211 

conn1 275213 

conn15 275213 

conn3 275201 

conn2 275221 

conn23 275221 

conn2 275219 

conn21 275219 

conn6 275204 

conn2 275218 

conn20 275218 

conn2 275218 

conn20 275218 

conn5 275203 

conn1 275211 

conn13 275211 

conn2 275200 

conn2 275222 

conn24 275222 

conn1 275214 

conn16 275214 

conn2 275222 

conn24 275222 

conn7 275205 

conn1 275210 

conn12 275210 

conn1 275212 

conn14 275212 

conn2 275200 

conn4 275202 

conn1 275217 

conn19 275217 

conn1 275199 

conn1 275215 

conn17 275215 

conn7 275205 

conn2 275219 

conn21 275219 

conn1 275209 

conn11 275209 

conn1 275208 

conn10 275208 

conn1 275213 

conn15 275213 

conn1 275216 

conn18 275216 

conn2 275218 

conn20 275218 

conn8 275206 

conn9 275207 

conn1 275210 

conn12 275210 

conn5 275203 

conn2 275220 

conn22 275220 

conn8 275206 

conn2 275221 

conn23 275221 

conn1 275212 

conn14 275212 

conn1 275217 

conn19 275217 

conn2 275222 

conn24 275222 

conn1 275214 

conn16 275214 

conn4 275202 

conn1 275211 

conn13 275211 

conn1 275199 

conn1 275215 

conn17 275215 

conn3 275201 

conn7 275205 

conn2 275219 

conn21 275219 

conn1 275208 

conn10 275208 

conn1 275216 

conn18 275216 

conn2 275218 

conn20 275218 

conn1 275210 

conn12 275210 

conn9 275207 

conn2 275220 

conn22 275220 

conn5 275203 

conn8 275206 

conn1 275212 

conn14 275212 

conn1 275217 

conn19 275217 

conn1 275214 

conn16 275214 

conn6 275204 

conn1 275213 

conn15 275213 

conn1 275211 

conn13 275211 

conn2 275221 

conn23 275221 

conn2 275222 

conn24 275222 

conn1 275211 

conn13 275211 

conn3 275201 

conn2 275200 

conn1 275215 

conn17 275215 

conn2 275219 

conn21 275219 

conn6 275204 

conn6 275204 

conn1 275211 

conn13 275211 

conn1 275216 

conn18 275216 

conn2 275200 

conn1 275216 

conn18 275216 

conn2 275221 

conn23 275221 

conn1 275210 

conn12 275210 

conn1 275216 

conn18 275216 

conn1 275216 

conn18 275216 

conn1 275211 

conn13 275211 

conn1 275199 

conn1 275213 

conn15 275213 

conn1 275208 

conn10 275208 

conn1 275209 

conn11 275209 

conn2 275219 

conn21 275219 

conn1 275216 

conn18 275216 

conn2 275218 

conn20 275218 

conn2 275220 

conn22 275220 

conn2 275220 

conn22 275220 

conn1 275210 

conn12 275210 

conn9 275207 

conn5 275203 

conn1 275212 

conn14 275212 

conn1 275217 

conn19 275217 

conn8 275206 

conn2 275200 

conn1 275211 

conn13 275211 

conn8 275206 

conn3 275201 

conn2 275220 

conn22 275220 

conn1 275215 

conn17 275215 

conn1 275213 

conn15 275213 

conn1 275209 

conn11 275209 

conn6 275204 

conn2 275220 

conn22 275220 

conn1 275210 

conn12 275210 

conn1 275215 

conn17 275215 

conn2 275221 

conn23 275221 

conn1 275216 

conn18 275216 

conn1 275212 

conn14 275212 

conn1 275214 

conn16 275214 

conn2 275222 

conn24 275222 

conn4 275202 

conn2 275222 

conn24 275222 

conn1 275213 

conn15 275213 

conn4 275202 

conn2 275222 

conn24 275222 

conn2 275222 

conn24 275222 

conn2 275221 

conn23 275221 

[report] load_overall_duration_ns : 600000000000.000000
[report] load_overall_duration_s : 600.000000
[report] load_overall_throughput : 70675.113333
[report] load_overall_average_latency_ns : 14149.252160
