numactl --membind=0 /home/wjxt/gxr/testMongoDB/build//run_clients --num_threads=28 --core_binding=0,0,1,2,3,4,5,6,7,8,9,10,11,24,25,26,27,28,29,30,31,32,33,34,35,12,13,14,15,16,17,18,19,20,21,22,23,36,37,38,39,40,41,42,43,44,45,46,47 --str_key_size=8 --str_value_size=100 --URI_set=mongodb://172.20.208.111:27017,mongodb://172.20.208.111:27018,mongodb://172.20.208.111:27019,mongodb://172.20.208.111:27020,mongodb://172.20.208.111:27021,mongodb://172.20.208.111:27022,mongodb://172.20.208.111:27023,mongodb://172.20.208.111:27024,mongodb://172.20.208.111:27025,mongodb://172.20.208.111:27026,mongodb://172.20.208.111:27027,mongodb://172.20.208.111:27028,mongodb://172.20.208.111:27029,mongodb://172.20.208.111:27030,mongodb://172.20.208.111:27031,mongodb://172.20.208.111:27032,mongodb://172.20.208.111:27033,mongodb://172.20.208.111:27034,mongodb://172.20.208.111:27035,mongodb://172.20.208.111:27036,mongodb://172.20.208.111:27037,mongodb://172.20.208.111:27038,mongodb://172.20.208.111:27039,mongodb://172.20.208.111:27040,mongodb://172.20.208.111:27041,mongodb://172.20.208.111:27042,mongodb://172.20.208.111:27043,mongodb://172.20.208.111:27044,mongodb://172.20.208.111:27045,mongodb://172.20.208.111:27046,mongodb://172.20.208.111:27047,mongodb://172.20.208.111:27048,mongodb://172.20.208.111:27049,mongodb://172.20.208.111:27050,mongodb://172.20.208.111:27051,mongodb://172.20.208.111:27052,mongodb://172.20.208.111:27053,mongodb://172.20.208.111:27054,mongodb://172.20.208.111:27055,mongodb://172.20.208.111:27056,mongodb://172.20.208.111:27057,mongodb://172.20.208.111:27058,mongodb://172.20.208.111:27059,mongodb://172.20.208.111:27060,mongodb://172.20.208.111:27061,mongodb://172.20.208.111:27062,mongodb://172.20.208.111:27063,mongodb://172.20.208.111:27064 --URI=mongodb://172.20.208.111:27017 --time_interval=600 --pid=278889 --first_mode=true
[sudo] gxr 的密码： conn1 conn2 conn3 conn4 conn5 conn6 conn7 conn8 conn9 conn10 conn11 conn12 conn13 conn14 conn15 conn16 conn17 conn18 conn19 conn20 conn21 conn22 conn23 conn24 conn25 conn26 conn27 conn28
['conn1', 'conn2', 'conn3', 'conn4', 'conn5', 'conn6', 'conn7', 'conn8', 'conn9', 'conn10', 'conn11', 'conn12', 'conn13', 'conn14', 'conn15', 'conn16', 'conn17', 'conn18', 'conn19', 'conn20', 'conn21', 'conn22', 'conn23', 'conn24', 'conn25', 'conn26', 'conn27', 'conn28']
conn2 275222 

conn24 275222 

conn2 275222 

conn24 275222 

conn1 275217 

conn19 275217 

conn1 275199 

conn1 275208 

conn10 275208 

conn2 275219 

conn21 275219 

conn1 275216 

conn18 275216 

conn2 275222 

conn24 275222 

conn2 275218 

conn20 275218 

conn1 275210 

conn12 275210 

conn5 275203 

conn2 275220 

conn22 275220 

conn9 275207 

conn1 275217 

conn19 275217 

conn2 275222 

conn24 275222 

conn1 275214 

conn16 275214 

conn8 275206 

conn4 275202 

conn4 275202 

conn2 275221 

conn23 275221 

conn2 275220 

conn22 275220 

conn2 275218 

conn20 275218 

conn6 275204 

conn1 275199 

conn4 275202 

conn2 275219 

conn21 275219 

conn1 275208 

conn10 275208 

conn2 275220 

conn22 275220 

conn1 275216 

conn18 275216 

conn2 275218 

conn20 275218 

conn2 275221 

conn23 275221 

conn5 275203 

conn1 275210 

conn12 275210 

conn1 275217 

conn19 275217 

conn4 275202 

conn9 275207 

conn1 275214 

conn16 275214 

conn2 275218 

conn20 275218 

conn8 275206 

conn2 275218 

conn20 275218 

conn2 275222 

conn24 275222 

conn4 275202 

conn2 275220 

conn22 275220 

conn6 275204 

conn2 275200 

conn1 275208 

conn10 275208 

conn8 275206 

conn2 275219 

conn21 275219 

conn2 275221 

conn23 275221 

conn1 275199 

conn1 275208 

conn10 275208 

conn2 275220 

conn22 275220 

conn2 275219 

conn21 275219 

conn2 275218 

conn20 275218 

conn1 275216 

conn18 275216 

conn5 275203 

conn1 275210 

conn12 275210 

conn1 275217 

conn19 275217 

conn2 275221 

conn23 275221 

conn8 275206 

conn1 275214 

conn16 275214 

conn9 275207 

conn4 275202 

conn1 275217 

conn19 275217 

conn1 275208 

conn10 275208 

conn2 275200 

conn6 275204 

conn2 275222 

conn24 275222 

conn1 275199 

conn2 275221 

conn23 275221 

conn1 275208 

conn10 275208 

conn2 275219 

conn21 275219 

conn2 275220 

conn22 275220 

conn2 275218 

conn20 275218 

conn9 275207 

conn5 275203 

conn1 275210 

conn12 275210 

conn6 275204 

conn1 275217 

conn19 275217 

conn8 275206 

conn1 275214 

conn16 275214 

conn9 275207 

conn1 275217 

conn19 275217 

conn4 275202 

conn4 275202 

conn2 275221 

conn23 275221 

conn2 275219 

conn21 275219 

conn2 275200 

conn6 275204 

conn1 275210 

conn12 275210 

conn6 275204 

conn1 275208 

conn10 275208 

conn2 275220 

conn22 275220 

conn2 275218 

conn20 275218 

conn2 275219 

conn21 275219 

conn2 275221 

conn23 275221 

conn1 275217 

conn19 275217 

conn8 275206 

conn1 275214 

conn16 275214 

conn9 275207 

conn1 275217 

conn19 275217 

conn4 275202 

conn6 275204 

conn2 275222 

conn24 275222 

conn2 275200 

conn1 275199 

conn2 275220 

conn22 275220 

conn1 275210 

conn12 275210 

conn2 275219 

conn21 275219 

conn8 275206 

conn9 275207 

conn2 275222 

conn24 275222 

conn2 275219 

conn21 275219 

conn4 275202 

conn2 275222 

conn24 275222 

conn2 275200 

conn1 275199 

conn1 275208 

conn10 275208 

conn4 275202 

conn2 275218 

conn20 275218 

conn2 275220 

conn22 275220 

conn5 275203 

conn2 275219 

conn21 275219 

conn2 275200 

conn1 275217 

conn19 275217 

conn8 275206 

conn9 275207 

conn2 275218 

conn20 275218 

conn4 275202 

conn8 275206 

conn5 275203 

conn4 275202 

conn1 275199 

conn6 275204 

conn6 275204 

conn2 275222 

conn24 275222 

conn6 275204 

conn4 275202 

conn2 275200 

conn1 275208 

conn10 275208 

conn2 275218 

conn20 275218 

conn2 275220 

conn22 275220 

conn1 275216 

conn18 275216 

conn2 275219 

conn21 275219 

conn5 275203 

conn1 275217 

conn19 275217 

conn1 275217 

conn19 275217 

conn4 275202 

conn8 275206 

conn9 275207 

conn6 275204 

conn1 275208 

conn10 275208 

conn4 275202 

conn2 275221 

conn23 275221 

conn2 275218 

conn20 275218 

conn5 275203 

conn2 275221 

conn23 275221 

conn9 275207 

conn4 275202 

conn6 275204 

conn4 275202 

conn2 275222 

conn24 275222 

conn2 275221 

conn23 275221 

conn2 275221 

conn23 275221 

conn1 275208 

conn10 275208 

conn2 275218 

conn20 275218 

conn5 275203 

conn2 275222 

conn24 275222 

conn4 275202 

conn9 275207 

conn4 275202 

conn6 275204 

conn2 275222 

conn24 275222 

conn1 275208 

conn10 275208 

conn6 275204 

conn9 275207 

conn1 275210 

conn12 275210 

conn2 275219 

conn21 275219 

conn8 275206 

conn9 275207 

conn6 275204 

conn8 275206 

conn2 275221 

conn23 275221 

conn2 275222 

conn24 275222 

conn2 275222 

conn24 275222 

conn2 275222 

conn24 275222 

conn8 275206 

conn1 275210 

conn12 275210 

conn1 275208 

conn10 275208 

conn1 275208 

conn10 275208 

conn2 275218 

conn20 275218 

conn6 275204 

conn2 275220 

conn22 275220 

conn5 275203 

conn1 275216 

conn18 275216 

conn2 275222 

conn24 275222 

conn1 275216 

conn18 275216 

conn9 275207 

conn2 275200 

conn6 275204 

conn2 275222 

conn24 275222 

conn1 275208 

conn10 275208 

conn1 275208 

conn10 275208 

conn2 275222 

conn24 275222 

conn2 275218 

conn20 275218 

conn1 275199 

conn9 275207 

conn2 275220 

conn22 275220 

conn5 275203 

conn2 275219 

conn21 275219 

conn9 275207 

conn2 275221 

conn23 275221 

conn2 275222 

conn24 275222 

conn2 275221 

conn23 275221 

conn2 275218 

conn20 275218 

conn2 275220 

conn22 275220 

conn1 275216 

conn18 275216 

conn5 275203 

conn1 275216 

conn18 275216 

conn2 275221 

conn23 275221 

conn6 275204 

conn8 275206 

conn6 275204 

conn2 275221 

conn23 275221 

conn2 275200 

conn2 275221 

conn23 275221 

conn1 275208 

conn10 275208 

conn1 275214 

conn16 275214 

conn2 275200 

conn2 275218 

conn20 275218 

conn1 275208 

conn10 275208 

conn1 275199 

conn1 275210 

conn12 275210 

conn1 275216 

conn18 275216 

conn5 275203 

conn1 275217 

conn19 275217 

conn9 275207 

conn1 275214 

conn16 275214 

conn1 275208 

conn10 275208 

conn2 275221 

conn23 275221 

conn2 275222 

conn24 275222 

conn1 275199 

conn1 275210 

conn12 275210 

conn2 275200 

conn5 275203 

conn1 275217 

conn19 275217 

conn9 275207 

conn1 275214 

conn16 275214 

conn1 275214 

conn16 275214 

conn2 275218 

conn20 275218 

conn9 275207 

conn6 275204 

conn2 275222 

conn24 275222 

conn1 275208 

conn10 275208 

conn1 275217 

conn19 275217 

conn1 275199 

conn2 275221 

conn23 275221 

conn1 275208 

conn10 275208 

conn2 275220 

conn22 275220 

conn1 275199 

conn5 275203 

conn2 275220 

conn22 275220 

conn1 275208 

conn10 275208 

conn2 275218 

conn20 275218 

conn8 275206 

conn9 275207 

conn1 275199 

conn2 275220 

conn22 275220 

conn5 275203 

conn8 275206 

conn6 275204 

conn2 275222 

conn24 275222 

conn2 275220 

conn22 275220 

conn6 275204 

conn1 275199 

conn2 275200 

conn2 275220 

conn22 275220 

conn1 275208 

conn10 275208 

conn2 275219 

conn21 275219 

conn4 275202 

conn1 275199 

conn4 275202 

conn2 275222 

conn24 275222 

conn4 275202 

conn1 275208 

conn10 275208 

conn1 275199 

conn2 275218 

conn20 275218 

conn1 275210 

conn12 275210 

conn1 275208 

conn10 275208 

conn1 275199 

conn5 275203 

conn2 275218 

conn20 275218 

conn1 275210 

conn12 275210 

conn5 275203 

conn9 275207 

conn9 275207 

conn8 275206 

conn1 275214 

conn16 275214 

conn2 275200 

conn2 275221 

conn23 275221 

conn2 275222 

conn24 275222 

conn6 275204 

conn4 275202 

conn8 275206 

conn6 275204 

conn8 275206 

conn4 275202 

conn1 275216 

conn18 275216 

conn1 275199 

conn2 275222 

conn24 275222 

conn2 275218 

conn20 275218 

conn2 275222 

conn24 275222 

conn1 275208 

conn10 275208 

conn1 275208 

conn10 275208 

conn1 275199 

conn1 275199 

conn2 275218 

conn20 275218 

conn2 275221 

conn23 275221 

conn2 275218 

conn20 275218 

conn1 275210 

conn12 275210 

conn5 275203 

conn1 275210 

conn12 275210 

conn5 275203 

conn1 275216 

conn18 275216 

conn1 275217 

conn19 275217 

conn1 275217 

conn19 275217 

conn2 275220 

conn22 275220 

conn9 275207 

conn8 275206 

conn9 275207 

conn8 275206 

conn4 275202 

conn1 275210 

conn12 275210 

conn6 275204 

conn6 275204 

conn2 275200 

conn4 275202 

conn2 275218 

conn20 275218 

conn2 275220 

conn22 275220 

conn1 275217 

conn19 275217 

conn2 275221 

conn23 275221 

conn6 275204 

conn5 275203 

conn2 275200 

conn1 275208 

conn10 275208 

conn2 275200 

conn1 275199 

conn2 275218 

conn20 275218 

conn1 275217 

conn19 275217 

conn1 275210 

conn12 275210 

conn5 275203 

conn1 275208 

conn10 275208 

conn1 275199 

conn1 275216 

conn18 275216 

conn1 275217 

conn19 275217 

conn2 275220 

conn22 275220 

conn1 275210 

conn12 275210 

conn5 275203 

conn8 275206 

conn2 275219 

conn21 275219 

conn9 275207 

conn1 275216 

conn18 275216 

conn1 275208 

conn10 275208 

conn2 275200 

conn1 275217 

conn19 275217 

conn1 275214 

conn16 275214 

conn2 275220 

conn22 275220 

conn8 275206 

conn9 275207 

conn1 275216 

conn18 275216 

conn1 275214 

conn16 275214 

conn2 275221 

conn23 275221 

conn1 275216 

conn18 275216 

conn1 275214 

conn16 275214 

conn6 275204 

conn1 275210 

conn12 275210 

conn6 275204 

conn1 275216 

conn18 275216 

conn4 275202 

conn1 278936 

conn1 278948 

conn13 278948 

conn2 278937 

conn1 278951 

conn16 278951 

conn6 278941 

conn8 278943 

conn6 278941 

conn1 278945 

conn10 278945 

conn2 278963 

conn28 278963 

conn2 278956 

conn21 278956 

conn1 278951 

conn16 278951 

conn2 278961 

conn26 278961 

conn2 278960 

conn25 278960 

conn4 278939 

conn1 278947 

conn12 278947 

conn1 278936 

conn1 278954 

conn19 278954 

conn1 278948 

conn13 278948 

conn5 278940 

conn1 278946 

conn11 278946 

conn2 278937 

conn2 278963 

conn28 278963 

conn1 278949 

conn14 278949 

conn6 278941 

conn1 278951 

conn16 278951 

conn6 278941 

conn1 278948 

conn13 278948 

conn3 278938 

conn2 278955 

conn20 278955 

conn1 278945 

conn10 278945 

conn6 278941 

conn8 278943 

conn2 278959 

conn24 278959 

conn1 278953 

conn18 278953 

conn2 278957 

conn22 278957 

conn1 278952 

conn17 278952 

conn2 278957 

conn22 278957 

conn1 278936 

conn4 278939 

conn1 278949 

conn14 278949 

conn1 278948 

conn13 278948 

conn3 278938 

conn1 278950 

conn15 278950 

conn7 278942 

conn7 278942 

conn6 278941 

conn2 278957 

conn22 278957 

conn1 278945 

conn10 278945 

conn2 278963 

conn28 278963 

conn2 278963 

conn28 278963 

conn8 278943 

conn2 278956 

conn21 278956 

conn1 278936 

conn4 278939 

conn1 278954 

conn19 278954 

conn1 278947 

conn12 278947 

conn5 278940 

conn1 278946 

conn11 278946 

conn2 278962 

conn27 278962 

conn8 278943 

conn1 278949 

conn14 278949 

conn1 278951 

conn16 278951 

conn2 278963 

conn28 278963 

conn9 278944 

conn1 278948 

conn13 278948 

conn1 278945 

conn10 278945 

conn2 278961 

conn26 278961 

conn8 278943 

conn2 278956 

conn21 278956 

conn3 278938 

conn1 278936 

conn4 278939 

conn1 278954 

conn19 278954 

conn1 278947 

conn12 278947 

conn5 278940 

conn2 278962 

conn27 278962 

conn7 278942 

conn2 278962 

conn27 278962 

conn2 278955 

conn20 278955 

conn1 278949 

conn14 278949 

conn8 278943 

conn1 278951 

conn16 278951 

conn2 278960 

conn25 278960 

conn2 278959 

conn24 278959 

conn1 278953 

conn18 278953 

conn2 278956 

conn21 278956 

conn2 278957 

conn22 278957 

conn9 278944 

conn1 278952 

conn17 278952 

conn3 278938 

conn1 278947 

conn12 278947 

conn1 278953 

conn18 278953 

conn2 278955 

conn20 278955 

conn6 278941 

conn1 278936 

conn2 278959 

conn24 278959 

conn1 278953 

conn18 278953 

conn1 278948 

conn13 278948 

conn2 278962 

conn27 278962 

conn2 278957 

conn22 278957 

conn1 278952 

conn17 278952 

conn1 278952 

conn17 278952 

conn2 278960 

conn25 278960 

conn1 278948 

conn13 278948 

conn1 278936 

conn7 278942 

conn1 278950 

conn15 278950 

conn2 278956 

conn21 278956 

conn1 278948 

conn13 278948 

conn2 278937 

conn1 278945 

conn10 278945 

conn2 278963 

conn28 278963 

conn1 278945 

conn10 278945 

conn2 278961 

conn26 278961 

conn2 278956 

conn21 278956 

conn1 278949 

conn14 278949 

conn1 278950 

conn15 278950 

conn1 278954 

conn19 278954 

conn1 278947 

conn12 278947 

conn1 278946 

conn11 278946 

conn7 278942 

conn4 278939 

conn5 278940 

conn2 278962 

conn27 278962 

conn1 278949 

conn14 278949 

conn2 278959 

conn24 278959 

conn2 278960 

conn25 278960 

conn1 278951 

conn16 278951 

conn1 278948 

conn13 278948 

conn9 278944 

conn3 278938 

conn1 278945 

conn10 278945 

conn2 278963 

conn28 278963 

conn2 278961 

conn26 278961 

conn1 278945 

conn10 278945 

conn6 278941 

conn2 278956 

conn21 278956 

conn2 278955 

conn20 278955 

conn1 278954 

conn19 278954 

conn1 278946 

conn11 278946 

conn1 278936 

conn1 278947 

conn12 278947 

conn4 278939 

conn5 278940 

conn5 278940 

conn2 278962 

conn27 278962 

conn2 278959 

conn24 278959 

conn1 278949 

conn14 278949 

conn2 278957 

conn22 278957 

conn2 278960 

conn25 278960 

conn1 278952 

conn17 278952 

conn1 278951 

conn16 278951 

conn1 278951 

conn16 278951 

conn3 278938 

conn9 278944 

conn4 278939 

conn2 278955 

conn20 278955 

conn1 278936 

conn2 278959 

conn24 278959 

conn2 278937 

conn1 278953 

conn18 278953 

conn7 278942 

conn2 278957 

conn22 278957 

conn1 278945 

conn10 278945 

conn1 278948 

conn13 278948 

conn1 278936 

conn6 278941 

conn9 278944 

conn1 278950 

conn15 278950 

conn2 278963 

conn28 278963 

conn2 278963 

conn28 278963 

conn1 278948 

conn13 278948 

conn2 278958 

conn23 278958 

conn1 278945 

conn10 278945 

conn2 278961 

conn26 278961 

conn1 278936 

conn2 278956 

conn21 278956 

conn1 278954 

conn19 278954 

conn4 278939 

conn1 278946 

conn11 278946 

conn2 278957 

conn22 278957 

conn1 278947 

conn12 278947 

conn5 278940 

conn2 278962 

conn27 278962 

conn1 278949 

conn14 278949 

conn2 278960 

conn25 278960 

conn1 278951 

conn16 278951 

conn6 278941 

conn2 278937 

conn1 278951 

conn16 278951 

conn1 278946 

conn11 278946 

conn1 278948 

conn13 278948 

conn7 278942 

conn3 278938 

conn2 278960 

conn25 278960 

[report] load_overall_duration_ns : 600000000000.000000
[report] load_overall_duration_s : 600.000000
[report] load_overall_throughput : 63936.935000
[report] load_overall_average_latency_ns : 15640.411915
