numactl --membind=0 /home/wjxt/gxr/testMongoDB/build//run_clients --num_threads=32 --core_binding=0,0,1,2,3,4,5,6,7,8,9,10,11,24,25,26,27,28,29,30,31,32,33,34,35,12,13,14,15,16,17,18,19,20,21,22,23,36,37,38,39,40,41,42,43,44,45,46,47 --str_key_size=8 --str_value_size=100 --URI_set=mongodb://172.20.208.111:27017,mongodb://172.20.208.111:27018,mongodb://172.20.208.111:27019,mongodb://172.20.208.111:27020,mongodb://172.20.208.111:27021,mongodb://172.20.208.111:27022,mongodb://172.20.208.111:27023,mongodb://172.20.208.111:27024,mongodb://172.20.208.111:27025,mongodb://172.20.208.111:27026,mongodb://172.20.208.111:27027,mongodb://172.20.208.111:27028,mongodb://172.20.208.111:27029,mongodb://172.20.208.111:27030,mongodb://172.20.208.111:27031,mongodb://172.20.208.111:27032,mongodb://172.20.208.111:27033,mongodb://172.20.208.111:27034,mongodb://172.20.208.111:27035,mongodb://172.20.208.111:27036,mongodb://172.20.208.111:27037,mongodb://172.20.208.111:27038,mongodb://172.20.208.111:27039,mongodb://172.20.208.111:27040,mongodb://172.20.208.111:27041,mongodb://172.20.208.111:27042,mongodb://172.20.208.111:27043,mongodb://172.20.208.111:27044,mongodb://172.20.208.111:27045,mongodb://172.20.208.111:27046,mongodb://172.20.208.111:27047,mongodb://172.20.208.111:27048,mongodb://172.20.208.111:27049,mongodb://172.20.208.111:27050,mongodb://172.20.208.111:27051,mongodb://172.20.208.111:27052,mongodb://172.20.208.111:27053,mongodb://172.20.208.111:27054,mongodb://172.20.208.111:27055,mongodb://172.20.208.111:27056,mongodb://172.20.208.111:27057,mongodb://172.20.208.111:27058,mongodb://172.20.208.111:27059,mongodb://172.20.208.111:27060,mongodb://172.20.208.111:27061,mongodb://172.20.208.111:27062,mongodb://172.20.208.111:27063,mongodb://172.20.208.111:27064 --URI=mongodb://172.20.208.111:27017 --time_interval=600 --pid=282424 --first_mode=true
[sudo] gxr 的密码： conn1 conn2 conn3 conn4 conn5 conn6 conn7 conn8 conn9 conn10 conn11 conn12 conn13 conn14 conn15 conn16 conn17 conn18 conn19 conn20 conn21 conn22 conn23 conn24 conn25 conn26 conn27 conn28 conn29 conn30 conn31 conn32
['conn1', 'conn2', 'conn3', 'conn4', 'conn5', 'conn6', 'conn7', 'conn8', 'conn9', 'conn10', 'conn11', 'conn12', 'conn13', 'conn14', 'conn15', 'conn16', 'conn17', 'conn18', 'conn19', 'conn20', 'conn21', 'conn22', 'conn23', 'conn24', 'conn25', 'conn26', 'conn27', 'conn28', 'conn29', 'conn30', 'conn31', 'conn32']
conn6 278941 

conn2 278955 

conn20 278955 

conn1 278936 

conn2 278963 

conn28 278963 

conn1 278945 

conn10 278945 

conn2 278956 

conn21 278956 

conn1 278954 

conn19 278954 

conn1 278954 

conn19 278954 

conn1 278936 

conn4 278939 

conn1 278946 

conn11 278946 

conn1 278953 

conn18 278953 

conn5 278940 

conn1 278947 

conn12 278947 

conn2 278962 

conn27 278962 

conn2 278960 

conn25 278960 

conn1 278947 

conn12 278947 

conn1 278951 

conn16 278951 

conn3 278938 

conn2 278958 

conn23 278958 

conn1 278936 

conn9 278944 

conn2 278937 

conn1 278946 

conn11 278946 

conn2 278955 

conn20 278955 

conn1 278953 

conn18 278953 

conn1 278936 

conn6 278941 

conn6 278941 

conn1 278936 

conn2 278955 

conn20 278955 

conn1 278945 

conn10 278945 

conn1 278945 

conn10 278945 

conn2 278963 

conn28 278963 

conn1 278936 

conn2 278956 

conn21 278956 

conn1 278936 

conn9 278944 

conn4 278939 

conn1 278946 

conn11 278946 

conn2 278958 

conn23 278958 

conn6 278941 

conn5 278940 

conn1 278947 

conn12 278947 

conn2 278937 

conn2 278962 

conn27 278962 

conn2 278960 

conn25 278960 

conn9 278944 

conn2 278937 

conn3 278938 

conn2 278955 

conn20 278955 

conn6 278941 

conn1 278946 

conn11 278946 

conn6 278941 

conn1 278945 

conn10 278945 

conn2 278963 

conn28 278963 

conn1 278936 

conn2 278956 

conn21 278956 

conn1 278954 

conn19 278954 

conn1 278946 

conn11 278946 

conn4 278939 

conn5 278940 

conn1 278947 

conn12 278947 

conn1 278936 

conn2 278960 

conn25 278960 

conn2 278958 

conn23 278958 

conn1 278951 

conn16 278951 

conn3 278938 

conn6 278941 

conn2 278955 

conn20 278955 

conn2 278958 

conn23 278958 

conn2 278958 

conn23 278958 

conn1 278947 

conn12 278947 

conn1 278947 

conn12 278947 

conn1 278953 

conn18 278953 

conn6 278941 

conn1 278954 

conn19 278954 

conn1 278945 

conn10 278945 

conn1 278936 

conn2 278963 

conn28 278963 

conn2 278956 

conn21 278956 

conn1 278954 

conn19 278954 

conn1 278946 

conn11 278946 

conn4 278939 

conn5 278940 

conn2 278962 

conn27 278962 

conn1 278947 

conn12 278947 

conn2 278960 

conn25 278960 

conn2 278962 

conn27 278962 

conn3 278938 

conn6 278941 

conn1 278947 

conn12 278947 

conn2 278955 

conn20 278955 

conn7 278942 

conn1 278947 

conn12 278947 

conn1 278951 

conn16 278951 

conn1 278953 

conn18 278953 

conn7 278942 

conn2 278963 

conn28 278963 

conn2 278963 

conn28 278963 

conn2 278956 

conn21 278956 

conn1 278954 

conn19 278954 

conn2 278960 

conn25 278960 

conn5 278940 

conn4 278939 

conn1 278947 

conn12 278947 

conn2 278960 

conn25 278960 

conn1 278951 

conn16 278951 

conn3 278938 

conn9 278944 

conn2 278955 

conn20 278955 

conn3 278938 

conn1 278954 

conn19 278954 

conn1 278947 

conn12 278947 

conn7 278942 

conn1 278953 

conn18 278953 

conn1 278951 

conn16 278951 

conn1 278945 

conn10 278945 

conn3 278938 

conn7 278942 

conn1 278945 

conn10 278945 

conn2 278963 

conn28 278963 

conn2 278956 

conn21 278956 

conn1 278936 

conn2 278955 

conn20 278955 

conn1 278954 

conn19 278954 

conn5 278940 

conn1 278946 

conn11 278946 

conn4 278939 

conn2 278962 

conn27 278962 

conn6 278941 

conn2 278956 

conn21 278956 

conn1 278947 

conn12 278947 

conn2 278960 

conn25 278960 

conn1 278951 

conn16 278951 

conn2 278937 

conn2 278955 

conn20 278955 

conn2 278937 

conn7 278942 

conn4 278939 

conn9 278944 

conn2 278962 

conn27 278962 

conn1 278945 

conn10 278945 

conn2 278963 

conn28 278963 

conn7 278942 

conn2 278956 

conn21 278956 

conn1 278954 

conn19 278954 

conn1 278946 

conn11 278946 

conn5 278940 

conn9 278944 

conn4 278939 

conn2 278962 

conn27 278962 

conn6 278941 

conn1 278936 

conn2 278960 

conn25 278960 

conn1 278947 

conn12 278947 

conn1 278951 

conn16 278951 

conn2 278963 

conn28 278963 

conn1 278945 

conn10 278945 

conn1 278936 

conn3 278938 

conn3 278938 

conn6 278941 

conn2 278955 

conn20 278955 

conn2 278937 

conn2 278963 

conn28 278963 

conn2 278962 

conn27 278962 

conn2 278956 

conn21 278956 

conn1 278945 

conn10 278945 

conn2 278956 

conn21 278956 

conn1 278953 

conn18 278953 

conn6 278941 

conn1 278954 

conn19 278954 

conn1 278946 

conn11 278946 

conn1 278946 

conn11 278946 

conn4 278939 

conn5 278940 

conn2 278962 

conn27 278962 

conn2 278960 

conn25 278960 

conn1 278947 

conn12 278947 

conn9 278944 

conn2 278958 

conn23 278958 

conn1 278951 

conn16 278951 

conn2 278962 

conn27 278962 

conn9 278944 

conn7 278942 

conn2 278955 

conn20 278955 

conn7 278942 

conn2 278956 

conn21 278956 

conn2 278937 

conn2 278937 

conn1 278953 

conn18 278953 

conn5 278940 

conn1 278945 

conn10 278945 

conn2 278960 

conn25 278960 

conn1 278936 

conn1 278945 

conn10 278945 

conn1 278947 

conn12 278947 

conn2 278963 

conn28 278963 

conn7 278942 

conn2 278956 

conn21 278956 

conn1 278954 

conn19 278954 

conn1 278951 

conn16 278951 

conn2 278962 

conn27 278962 

conn1 278946 

conn11 278946 

conn4 278939 

conn2 278958 

conn23 278958 

conn5 278940 

conn9 278944 

conn3 278938 

conn1 278936 

conn1 278947 

conn12 278947 

conn2 278960 

conn25 278960 

conn1 278953 

conn18 278953 

conn1 278951 

conn16 278951 

conn6 278941 

conn3 278938 

conn2 278955 

conn20 278955 

conn9 278944 

conn5 278940 

conn2 278958 

conn23 278958 

conn1 282486 

conn15 282486 

conn2 282500 

conn29 282500 

conn1 282486 

conn15 282486 

conn1 282486 

conn15 282486 

conn1 282487 

conn16 282487 

conn1 282481 

conn10 282481 

conn2 282473 

conn1 282486 

conn15 282486 

conn1 282472 

conn9 282480 

conn1 282487 

conn16 282487 

conn1 282483 

conn12 282483 

conn4 282475 

conn3 282502 

conn31 282502 

conn5 282476 

conn1 282484 

conn13 282484 

conn3 282474 

conn2 282492 

conn21 282492 

conn8 282479 

conn1 282472 

conn2 282494 

conn23 282494 

conn1 282483 

conn12 282483 

conn2 282493 

conn22 282493 

conn1 282485 

conn14 282485 

conn1 282490 

conn19 282490 

conn2 282473 

conn3 282501 

conn30 282501 

conn2 282495 

conn24 282495 

conn1 282490 

conn19 282490 

conn1 282488 

conn17 282488 

conn2 282491 

conn20 282491 

conn3 282501 

conn30 282501 

conn3 282503 

conn32 282503 

conn2 282495 

conn24 282495 

conn1 282490 

conn19 282490 

conn2 282498 

conn27 282498 

conn3 282474 

conn2 282492 

conn21 282492 

conn4 282475 

conn2 282473 

conn8 282479 

conn1 282472 

conn4 282475 

conn1 282487 

conn16 282487 

conn9 282480 

conn3 282502 

conn31 282502 

conn5 282476 

conn1 282484 

conn13 282484 

conn3 282474 

conn5 282476 

conn8 282479 

conn2 282494 

conn23 282494 

conn1 282483 

conn12 282483 

conn2 282473 

conn2 282493 

conn22 282493 

conn1 282486 

conn15 282486 

conn1 282472 

conn4 282475 

conn1 282487 

conn16 282487 

conn9 282480 

conn3 282502 

conn31 282502 

conn5 282476 

conn3 282503 

conn32 282503 

conn1 282484 

conn13 282484 

conn3 282474 

conn5 282476 

conn2 282495 

conn24 282495 

conn1 282490 

conn19 282490 

conn2 282500 

conn29 282500 

conn8 282479 

conn2 282494 

conn23 282494 

conn1 282488 

conn17 282488 

conn1 282485 

conn14 282485 

conn1 282483 

conn12 282483 

conn2 282497 

conn26 282497 

conn3 282501 

conn30 282501 

conn3 282501 

conn30 282501 

conn3 282503 

conn32 282503 

conn2 282493 

conn22 282493 

conn9 282480 

conn1 282489 

conn18 282489 

conn2 282495 

conn24 282495 

conn1 282490 

conn19 282490 

conn1 282490 

conn19 282490 

conn1 282488 

conn17 282488 

conn2 282495 

conn24 282495 

conn2 282491 

conn20 282491 

conn3 282501 

conn30 282501 

conn3 282503 

conn32 282503 

conn2 282496 

conn25 282496 

conn2 282473 

conn8 282479 

conn3 282474 

conn2 282492 

conn21 282492 

conn1 282489 

conn18 282489 

Opening /proc/282495/root failed: Too many open files
conn2 282495 

conn24 282495 

conn1 282490 

conn19 282490 

conn2 282493 

conn22 282493 

conn2 282492 

conn21 282492 

conn1 282490 

conn19 282490 

conn2 282499 

conn28 282499 

conn1 282472 

conn2 282496 

conn25 282496 

conn1 282486 

conn15 282486 

conn9 282480 

conn3 282502 

conn31 282502 

conn4 282475 

conn5 282476 

conn1 282484 

conn13 282484 

conn3 282474 

conn8 282479 

conn2 282494 

conn23 282494 

conn1 282483 

conn12 282483 

conn1 282488 

conn17 282488 

conn2 282493 

conn22 282493 

conn2 282498 

conn27 282498 

conn1 282472 

conn2 282473 

conn2 282494 

conn23 282494 

conn2 282495 

conn24 282495 

conn1 282490 

conn19 282490 

conn9 282480 

conn3 282502 

conn31 282502 

conn4 282475 

conn1 282487 

conn16 282487 

conn1 282484 

conn13 282484 

conn5 282476 

conn3 282474 

conn1 282488 

conn17 282488 

conn3 282501 

conn30 282501 

conn1 282484 

conn13 282484 

conn2 282491 

conn20 282491 

conn3 282503 

conn32 282503 

conn8 282479 

conn2 282494 

conn23 282494 

conn1 282483 

conn12 282483 

conn2 282493 

conn22 282493 

conn2 282499 

conn28 282499 

conn2 282491 

conn20 282491 

conn2 282496 

conn25 282496 

conn2 282495 

conn24 282495 

conn1 282490 

conn19 282490 

conn3 282503 

conn32 282503 

conn2 282498 

conn27 282498 

conn1 282488 

conn17 282488 

conn3 282501 

conn30 282501 

conn2 282491 

conn20 282491 

conn3 282501 

conn30 282501 

conn3 282503 

conn32 282503 

conn2 282496 

conn25 282496 

conn9 282480 

conn1 282472 

conn2 282492 

conn21 282492 

conn1 282472 

conn5 282476 

conn4 282475 

[report] load_overall_duration_ns : 600000000000.000000
[report] load_overall_duration_s : 600.000000
[report] load_overall_throughput : 69007.591667
[report] load_overall_average_latency_ns : 14491.159246
